Archive member included to satisfy reference by file (symbol)

c:/st/stm32cubeide_1.7.0/stm32cubeide/plugins/com.st.stm32cube.ide.mcu.externaltools.gnu-tools-for-stm32.9-2020-q2-update.win32_2.0.0.202105311346/tools/bin/../lib/gcc/arm-none-eabi/9.3.1/../../../../arm-none-eabi/lib/thumb/v7-m/nofp\libc_nano.a(lib_a-errno.o)
                              ./Core/Src/syscalls.o (__errno)
c:/st/stm32cubeide_1.7.0/stm32cubeide/plugins/com.st.stm32cube.ide.mcu.externaltools.gnu-tools-for-stm32.9-2020-q2-update.win32_2.0.0.202105311346/tools/bin/../lib/gcc/arm-none-eabi/9.3.1/../../../../arm-none-eabi/lib/thumb/v7-m/nofp\libc_nano.a(lib_a-exit.o)
                              c:/st/stm32cubeide_1.7.0/stm32cubeide/plugins/com.st.stm32cube.ide.mcu.externaltools.gnu-tools-for-stm32.9-2020-q2-update.win32_2.0.0.202105311346/tools/bin/../lib/gcc/arm-none-eabi/9.3.1/../../../../arm-none-eabi/lib/thumb/v7-m/nofp/crt0.o (exit)
c:/st/stm32cubeide_1.7.0/stm32cubeide/plugins/com.st.stm32cube.ide.mcu.externaltools.gnu-tools-for-stm32.9-2020-q2-update.win32_2.0.0.202105311346/tools/bin/../lib/gcc/arm-none-eabi/9.3.1/../../../../arm-none-eabi/lib/thumb/v7-m/nofp\libc_nano.a(lib_a-impure.o)
                              c:/st/stm32cubeide_1.7.0/stm32cubeide/plugins/com.st.stm32cube.ide.mcu.externaltools.gnu-tools-for-stm32.9-2020-q2-update.win32_2.0.0.202105311346/tools/bin/../lib/gcc/arm-none-eabi/9.3.1/../../../../arm-none-eabi/lib/thumb/v7-m/nofp\libc_nano.a(lib_a-exit.o) (_global_impure_ptr)
c:/st/stm32cubeide_1.7.0/stm32cubeide/plugins/com.st.stm32cube.ide.mcu.externaltools.gnu-tools-for-stm32.9-2020-q2-update.win32_2.0.0.202105311346/tools/bin/../lib/gcc/arm-none-eabi/9.3.1/../../../../arm-none-eabi/lib/thumb/v7-m/nofp\libc_nano.a(lib_a-init.o)
                              c:/st/stm32cubeide_1.7.0/stm32cubeide/plugins/com.st.stm32cube.ide.mcu.externaltools.gnu-tools-for-stm32.9-2020-q2-update.win32_2.0.0.202105311346/tools/bin/../lib/gcc/arm-none-eabi/9.3.1/../../../../arm-none-eabi/lib/thumb/v7-m/nofp/crt0.o (__libc_init_array)
c:/st/stm32cubeide_1.7.0/stm32cubeide/plugins/com.st.stm32cube.ide.mcu.externaltools.gnu-tools-for-stm32.9-2020-q2-update.win32_2.0.0.202105311346/tools/bin/../lib/gcc/arm-none-eabi/9.3.1/../../../../arm-none-eabi/lib/thumb/v7-m/nofp\libc_nano.a(lib_a-memset.o)
                              c:/st/stm32cubeide_1.7.0/stm32cubeide/plugins/com.st.stm32cube.ide.mcu.externaltools.gnu-tools-for-stm32.9-2020-q2-update.win32_2.0.0.202105311346/tools/bin/../lib/gcc/arm-none-eabi/9.3.1/../../../../arm-none-eabi/lib/thumb/v7-m/nofp/crt0.o (memset)
c:/st/stm32cubeide_1.7.0/stm32cubeide/plugins/com.st.stm32cube.ide.mcu.externaltools.gnu-tools-for-stm32.9-2020-q2-update.win32_2.0.0.202105311346/tools/bin/../lib/gcc/arm-none-eabi/9.3.1/../../../../arm-none-eabi/lib/thumb/v7-m/nofp\libc_nano.a(lib_a-scanf.o)
                              ./Core/Src/main.o (scanf)
c:/st/stm32cubeide_1.7.0/stm32cubeide/plugins/com.st.stm32cube.ide.mcu.externaltools.gnu-tools-for-stm32.9-2020-q2-update.win32_2.0.0.202105311346/tools/bin/../lib/gcc/arm-none-eabi/9.3.1/../../../../arm-none-eabi/lib/thumb/v7-m/nofp\libc_nano.a(lib_a-findfp.o)
                              c:/st/stm32cubeide_1.7.0/stm32cubeide/plugins/com.st.stm32cube.ide.mcu.externaltools.gnu-tools-for-stm32.9-2020-q2-update.win32_2.0.0.202105311346/tools/bin/../lib/gcc/arm-none-eabi/9.3.1/../../../../arm-none-eabi/lib/thumb/v7-m/nofp\libc_nano.a(lib_a-scanf.o) (__sinit)
c:/st/stm32cubeide_1.7.0/stm32cubeide/plugins/com.st.stm32cube.ide.mcu.externaltools.gnu-tools-for-stm32.9-2020-q2-update.win32_2.0.0.202105311346/tools/bin/../lib/gcc/arm-none-eabi/9.3.1/../../../../arm-none-eabi/lib/thumb/v7-m/nofp\libc_nano.a(lib_a-fwalk.o)
                              c:/st/stm32cubeide_1.7.0/stm32cubeide/plugins/com.st.stm32cube.ide.mcu.externaltools.gnu-tools-for-stm32.9-2020-q2-update.win32_2.0.0.202105311346/tools/bin/../lib/gcc/arm-none-eabi/9.3.1/../../../../arm-none-eabi/lib/thumb/v7-m/nofp\libc_nano.a(lib_a-findfp.o) (_fwalk)
c:/st/stm32cubeide_1.7.0/stm32cubeide/plugins/com.st.stm32cube.ide.mcu.externaltools.gnu-tools-for-stm32.9-2020-q2-update.win32_2.0.0.202105311346/tools/bin/../lib/gcc/arm-none-eabi/9.3.1/../../../../arm-none-eabi/lib/thumb/v7-m/nofp\libc_nano.a(lib_a-lock.o)
                              c:/st/stm32cubeide_1.7.0/stm32cubeide/plugins/com.st.stm32cube.ide.mcu.externaltools.gnu-tools-for-stm32.9-2020-q2-update.win32_2.0.0.202105311346/tools/bin/../lib/gcc/arm-none-eabi/9.3.1/../../../../arm-none-eabi/lib/thumb/v7-m/nofp\libc_nano.a(lib_a-findfp.o) (__retarget_lock_init_recursive)
c:/st/stm32cubeide_1.7.0/stm32cubeide/plugins/com.st.stm32cube.ide.mcu.externaltools.gnu-tools-for-stm32.9-2020-q2-update.win32_2.0.0.202105311346/tools/bin/../lib/gcc/arm-none-eabi/9.3.1/../../../../arm-none-eabi/lib/thumb/v7-m/nofp\libc_nano.a(lib_a-nano-mallocr.o)
[...]
Memory Configuration

Name             Origin             Length             Attributes
RAM              0x0000000020000000 0x0000000000002800 xrw
FLASH            0x0000000008000000 0x0000000000008000 xr
*default*        0x0000000000000000 0xffffffffffffffff

Linker script and memory map

LOAD c:/st/stm32cubeide_1.7.0/stm32cubeide/plugins/com.st.stm32cube.ide.mcu.externaltools.gnu-tools-for-stm32.9-2020-q2-update.win32_2.0.0.202105311346/tools/bin/../lib/gcc/arm-none-eabi/9.3.1/thumb/v7-m/nofp/crti.o
LOAD c:/st/stm32cubeide_1.7.0/stm32cubeide/plugins/com.st.stm32cube.ide.mcu.externaltools.gnu-tools-for-stm32.9-2020-q2-update.win32_2.0.0.202105311346/tools/bin/../lib/gcc/arm-none-eabi/9.3.1/thumb/v7-m/nofp/crtbegin.o
LOAD c:/st/stm32cubeide_1.7.0/stm32cubeide/plugins/com.st.stm32cube.ide.mcu.externaltools.gnu-tools-for-stm32.9-2020-q2-update.win32_2.0.0.202105311346/tools/bin/../lib/gcc/arm-none-eabi/9.3.1/../../../../arm-none-eabi/lib/thumb/v7-m/nofp/crt0.o
LOAD ./Core/Src/main.o
LOAD ./Core/Src/stm32f1xx_hal_msp.o
LOAD ./Core/Src/stm32f1xx_it.o
LOAD ./Core/Src/syscalls.o
LOAD ./Core/Src/sysmem.o
LOAD ./Core/Src/system_stm32f1xx.o
LOAD ./Core/Startup/startup_stm32f103c6ux.o
LOAD ./Drivers/STM32F1xx_HAL_Driver/Src/stm32f1xx_hal.o
LOAD ./Drivers/STM32F1xx_HAL_Driver/Src/stm32f1xx_hal_cortex.o
LOAD ./Drivers/STM32F1xx_HAL_Driver/Src/stm32f1xx_hal_dma.o
LOAD ./Drivers/STM32F1xx_HAL_Driver/Src/stm32f1xx_hal_exti.o
LOAD ./Drivers/STM32F1xx_HAL_Driver/Src/stm32f1xx_hal_flash.o
LOAD ./Drivers/STM32F1xx_HAL_Driver/Src/stm32f1xx_hal_flash_ex.o
LOAD ./Drivers/STM32F1xx_HAL_Driver/Src/stm32f1xx_hal_gpio.o
LOAD ./Drivers/STM32F1xx_HAL_Driver/Src/stm32f1xx_hal_gpio_ex.o
LOAD ./Drivers/STM32F1xx_HAL_Driver/Src/stm32f1xx_hal_pwr.o
LOAD ./Drivers/STM32F1xx_HAL_Driver/Src/stm32f1xx_hal_rcc.o
LOAD ./Drivers/STM32F1xx_HAL_Driver/Src/stm32f1xx_hal_rcc_ex.o
LOAD ./Drivers/STM32F1xx_HAL_Driver/Src/stm32f1xx_hal_tim.o
LOAD ./Drivers/STM32F1xx_HAL_Driver/Src/stm32f1xx_hal_tim_ex.o
START GROUP
LOAD c:/st/stm32cubeide_1.7.0/stm32cubeide/plugins/com.st.stm32cube.ide.mcu.externaltools.gnu-tools-for-stm32.9-2020-q2-update.win32_2.0.0.202105311346/tools/bin/../lib/gcc/arm-none-eabi/9.3.1/../../../../arm-none-eabi/lib/thumb/v7-m/nofp\libc_nano.a
LOAD c:/st/stm32cubeide_1.7.0/stm32cubeide/plugins/com.st.stm32cube.ide.mcu.externaltools.gnu-tools-for-stm32.9-2020-q2-update.win32_2.0.0.202105311346/tools/bin/../lib/gcc/arm-none-eabi/9.3.1/../../../../arm-none-eabi/lib/thumb/v7-m/nofp\libm.a
END GROUP
START GROUP
LOAD c:/st/stm32cubeide_1.7.0/stm32cubeide/plugins/com.st.stm32cube.ide.mcu.externaltools.gnu-tools-for-stm32.9-2020-q2-update.win32_2.0.0.202105311346/tools/bin/../lib/gcc/arm-none-eabi/9.3.1/thumb/v7-m/nofp\libgcc.a
LOAD c:/st/stm32cubeide_1.7.0/stm32cubeide/plugins/com.st.stm32cube.ide.mcu.externaltools.gnu-tools-for-stm32.9-2020-q2-update.win32_2.0.0.202105311346/tools/bin/../lib/gcc/arm-none-eabi/9.3.1/../../../../arm-none-eabi/lib/thumb/v7-m/nofp\libc_nano.a
END GROUP
START GROUP
LOAD c:/st/stm32cubeide_1.7.0/stm32cubeide/plugins/com.st.stm32cube.ide.mcu.externaltools.gnu-tools-for-stm32.9-2020-q2-update.win32_2.0.0.202105311346/tools/bin/../lib/gcc/arm-none-eabi/9.3.1/thumb/v7-m/nofp\libgcc.a
LOAD c:/st/stm32cubeide_1.7.0/stm32cubeide/plugins/com.st.stm32cube.ide.mcu.externaltools.gnu-tools-for-stm32.9-2020-q2-update.win32_2.0.0.202105311346/tools/bin/../lib/gcc/arm-none-eabi/9.3.1/../../../../arm-none-eabi/lib/thumb/v7-m/nofp\libc_nano.a
LOAD c:/st/stm32cubeide_1.7.0/stm32cubeide/plugins/com.st.stm32cube.ide.mcu.externaltools.gnu-tools-for-stm32.9-2020-q2-update.win32_2.0.0.202105311346/tools/bin/../lib/gcc/arm-none-eabi/9.3.1/../../../../arm-none-eabi/lib/thumb/v7-m/nofp\libnosys.a
END GROUP
START GROUP
LOAD c:/st/stm32cubeide_1.7.0/stm32cubeide/plugins/com.st.stm32cube.ide.mcu.externaltools.gnu-tools-for-stm32.9-2020-q2-update.win32_2.0.0.202105311346/tools/bin/../lib/gcc/arm-none-eabi/9.3.1/thumb/v7-m/nofp\libgcc.a
LOAD c:/st/stm32cubeide_1.7.0/stm32cubeide/plugins/com.st.stm32cube.ide.mcu.externaltools.gnu-tools-for-stm32.9-2020-q2-update.win32_2.0.0.202105311346/tools/bin/../lib/gcc/arm-none-eabi/9.3.1/../../../../arm-none-eabi/lib/thumb/v7-m/nofp\libc_nano.a
LOAD c:/st/stm32cubeide_1.7.0/stm32cubeide/plugins/com.st.stm32cube.ide.mcu.externaltools.gnu-tools-for-stm32.9-2020-q2-update.win32_2.0.0.202105311346/tools/bin/../lib/gcc/arm-none-eabi/9.3.1/../../../../arm-none-eabi/lib/thumb/v7-m/nofp\libnosys.a
END GROUP
LOAD c:/st/stm32cubeide_1.7.0/stm32cubeide/plugins/com.st.stm32cube.ide.mcu.externaltools.gnu-tools-for-stm32.9-2020-q2-update.win32_2.0.0.202105311346/tools/bin/../lib/gcc/arm-none-eabi/9.3.1/thumb/v7-m/nofp/crtend.o
LOAD c:/st/stm32cubeide_1.7.0/stm32cubeide/plugins/com.st.stm32cube.ide.mcu.externaltools.gnu-tools-for-stm32.9-2020-q2-update.win32_2.0.0.202105311346/tools/bin/../lib/gcc/arm-none-eabi/9.3.1/thumb/v7-m/nofp/crtn.o
                0x0000000020002800                _estack = (ORIGIN (RAM) + LENGTH (RAM))
                0x0000000000000200                _Min_Heap_Size = 0x200
                0x0000000000000400                _Min_Stack_Size = 0x400

.isr_vector     0x0000000008000000      0x10c
                0x0000000008000000                . = ALIGN (0x4)
 *(.isr_vector)
 .isr_vector    0x0000000008000000      0x10c ./Core/Startup/startup_stm32f103c6ux.o
                0x0000000008000000                g_pfnVectors
                0x000000000800010c                . = ALIGN (0x4)

.text           0x000000000800010c     0x2694
                0x000000000800010c                . = ALIGN (0x4)
 *(.text)
 .text          0x000000000800010c       0x40 c:/st/stm32cubeide_1.7.0/stm32cubeide/plugins/com.st.stm32cube.ide.mcu.externaltools.gnu-tools-for-stm32.9-2020-q2-update.win32_2.0.0.202105311346/tools/bin/../lib/gcc/arm-none-eabi/9.3.1/thumb/v7-m/nofp/crtbegin.o
 *(.text*)
 .text.setNumberOnClock.5429
                0x000000000800014c       0xf8 ./Core/Src/main.o
 .text.main     0x0000000008000244       0x48 ./Core/Src/main.o
                0x0000000008000244                main
 .text.SystemClock_Config
                0x000000000800028c       0x76 ./Core/Src/main.o
                0x000000000800028c                SystemClock_Config
 *fill*         0x0000000008000302        0x2 
 .text.MX_GPIO_Init
                0x0000000008000304       0x68 ./Core/Src/main.o
 .text.Error_Handler
                0x000000000800036c        0xa ./Core/Src/main.o
                0x000000000800036c                Error_Handler
 *fill*         0x0000000008000376        0x2 
 .text.HAL_MspInit
                0x0000000008000378       0x64 ./Core/Src/stm32f1xx_hal_msp.o
                0x0000000008000378                HAL_MspInit
 .text.NMI_Handler
                0x00000000080003dc        0x6 ./Core/Src/stm32f1xx_it.o
                0x00000000080003dc                NMI_Handler
 .text.HardFault_Handler
                0x00000000080003e2        0x6 ./Core/Src/stm32f1xx_it.o
                0x00000000080003e2                HardFault_Handler
 .text.MemManage_Handler
                0x00000000080003e8        0x6 ./Core/Src/stm32f1xx_it.o
                0x00000000080003e8                MemManage_Handler
 .text.BusFault_Handler
                0x00000000080003ee        0x6 ./Core/Src/stm32f1xx_it.o
                0x00000000080003ee                BusFault_Handler
 .text.UsageFault_Handler
                0x00000000080003f4        0x6 ./Core/Src/stm32f1xx_it.o
                0x00000000080003f4                UsageFault_Handler
 .text.SVC_Handler
                0x00000000080003fa        0xc ./Core/Src/stm32f1xx_it.o
                0x00000000080003fa                SVC_Handler
 .text.DebugMon_Handler
                0x0000000008000406        0xc ./Core/Src/stm32f1xx_it.o
                0x0000000008000406                DebugMon_Handler
 .text.PendSV_Handler
                0x0000000008000412        0xc ./Core/Src/stm32f1xx_it.o
                0x0000000008000412                PendSV_Handler
 .text.SysTick_Handler
                0x000000000800041e        0xc ./Core/Src/stm32f1xx_it.o
                0x000000000800041e                SysTick_Handler
 .text._read    0x000000000800042a       0x3a ./Core/Src/syscalls.o
                0x000000000800042a                _read
 .text._write   0x0000000008000464       0x38 ./Core/Src/syscalls.o
                0x0000000008000464                _write
 .text._close   0x000000000800049c       0x16 ./Core/Src/syscalls.o
                0x000000000800049c                _close
 .text._fstat   0x00000000080004b2       0x1e ./Core/Src/syscalls.o
                0x00000000080004b2                _fstat
 .text._isatty  0x00000000080004d0       0x14 ./Core/Src/syscalls.o
                0x00000000080004d0                _isatty
 .text._lseek   0x00000000080004e4       0x18 ./Core/Src/syscalls.o
                0x00000000080004e4                _lseek
 .text._sbrk    0x00000000080004fc       0x6c ./Core/Src/sysmem.o
                0x00000000080004fc                _sbrk
 .text.SystemInit
                0x0000000008000568        0xc ./Core/Src/system_stm32f1xx.o
                0x0000000008000568                SystemInit
 .text.Reset_Handler
                0x0000000008000574       0x48 ./Core/Startup/startup_stm32f103c6ux.o
                0x0000000008000574                Reset_Handler
 .text.Default_Handler
                0x00000000080005bc        0x2 ./Core/Startup/startup_stm32f103c6ux.o
                0x00000000080005bc                RTC_Alarm_IRQHandler
                0x00000000080005bc                EXTI2_IRQHandler
                0x00000000080005bc                TIM1_CC_IRQHandler
                0x00000000080005bc                PVD_IRQHandler
                0x00000000080005bc                EXTI3_IRQHandler
                0x00000000080005bc                EXTI0_IRQHandler
                0x00000000080005bc                ADC1_2_IRQHandler
                0x00000000080005bc                SPI1_IRQHandler
                0x00000000080005bc                TAMPER_IRQHandler
                0x00000000080005bc                DMA1_Channel4_IRQHandler
                0x00000000080005bc                RTC_IRQHandler
                0x00000000080005bc                DMA1_Channel7_IRQHandler
                0x00000000080005bc                CAN1_RX1_IRQHandler
                0x00000000080005bc                I2C1_EV_IRQHandler
                0x00000000080005bc                DMA1_Channel6_IRQHandler
                0x00000000080005bc                TIM3_IRQHandler
                0x00000000080005bc                RCC_IRQHandler
                0x00000000080005bc                TIM1_TRG_COM_IRQHandler
                0x00000000080005bc                DMA1_Channel1_IRQHandler
                0x00000000080005bc                Default_Handler
                0x00000000080005bc                EXTI15_10_IRQHandler
                0x00000000080005bc                EXTI9_5_IRQHandler
                0x00000000080005bc                DMA1_Channel5_IRQHandler
                0x00000000080005bc                EXTI4_IRQHandler
                0x00000000080005bc                USB_LP_CAN1_RX0_IRQHandler
                0x00000000080005bc                USB_HP_CAN1_TX_IRQHandler
                0x00000000080005bc                DMA1_Channel3_IRQHandler
                0x00000000080005bc                TIM1_UP_IRQHandler
                0x00000000080005bc                WWDG_IRQHandler
                0x00000000080005bc                TIM2_IRQHandler
                0x00000000080005bc                TIM1_BRK_IRQHandler
                0x00000000080005bc                EXTI1_IRQHandler
                0x00000000080005bc                USART2_IRQHandler
                0x00000000080005bc                DMA1_Channel2_IRQHandler
                0x00000000080005bc                CAN1_SCE_IRQHandler
                0x00000000080005bc                FLASH_IRQHandler
                0x00000000080005bc                USART1_IRQHandler
                0x00000000080005bc                I2C1_ER_IRQHandler
                0x00000000080005bc                USBWakeUp_IRQHandler
 *fill*         0x00000000080005be        0x2 
 .text.HAL_Init
                0x00000000080005c0       0x2c ./Drivers/STM32F1xx_HAL_Driver/Src/stm32f1xx_hal.o
                0x00000000080005c0                HAL_Init
 .text.HAL_InitTick
                0x00000000080005ec       0x60 ./Drivers/STM32F1xx_HAL_Driver/Src/stm32f1xx_hal.o
                0x00000000080005ec                HAL_InitTick
 .text.HAL_IncTick
                0x000000000800064c       0x24 ./Drivers/STM32F1xx_HAL_Driver/Src/stm32f1xx_hal.o
                0x000000000800064c                HAL_IncTick
 .text.HAL_GetTick
                0x0000000008000670       0x14 ./Drivers/STM32F1xx_HAL_Driver/Src/stm32f1xx_hal.o
                0x0000000008000670                HAL_GetTick
 .text.HAL_Delay
                0x0000000008000684       0x48 ./Drivers/STM32F1xx_HAL_Driver/Src/stm32f1xx_hal.o
                0x0000000008000684                HAL_Delay
 .text.__NVIC_SetPriorityGrouping
                0x00000000080006cc       0x48 ./Drivers/STM32F1xx_HAL_Driver/Src/stm32f1xx_hal_cortex.o
 .text.__NVIC_GetPriorityGrouping
                0x0000000008000714       0x1c ./Drivers/STM32F1xx_HAL_Driver/Src/stm32f1xx_hal_cortex.o
 .text.__NVIC_SetPriority
                0x0000000008000730       0x54 ./Drivers/STM32F1xx_HAL_Driver/Src/stm32f1xx_hal_cortex.o
 .text.NVIC_EncodePriority
                0x0000000008000784       0x64 ./Drivers/STM32F1xx_HAL_Driver/Src/stm32f1xx_hal_cortex.o
 .text.SysTick_Config
                0x00000000080007e8       0x44 ./Drivers/STM32F1xx_HAL_Driver/Src/stm32f1xx_hal_cortex.o
 .text.HAL_NVIC_SetPriorityGrouping
                0x000000000800082c       0x16 ./Drivers/STM32F1xx_HAL_Driver/Src/stm32f1xx_hal_cortex.o
                0x000000000800082c                HAL_NVIC_SetPriorityGrouping
 .text.HAL_NVIC_SetPriority
                0x0000000008000842       0x38 ./Drivers/STM32F1xx_HAL_Driver/Src/stm32f1xx_hal_cortex.o
                0x0000000008000842                HAL_NVIC_SetPriority
 .text.HAL_SYSTICK_Config
                0x000000000800087a       0x18 ./Drivers/STM32F1xx_HAL_Driver/Src/stm32f1xx_hal_cortex.o
                0x000000000800087a                HAL_SYSTICK_Config
 *fill*         0x0000000008000892        0x2 
 .text.HAL_GPIO_Init
                0x0000000008000894      0x2f4 ./Drivers/STM32F1xx_HAL_Driver/Src/stm32f1xx_hal_gpio.o
                0x0000000008000894                HAL_GPIO_Init
 .text.HAL_GPIO_WritePin
                0x0000000008000b88       0x30 ./Drivers/STM32F1xx_HAL_Driver/Src/stm32f1xx_hal_gpio.o
                0x0000000008000b88                HAL_GPIO_WritePin
 .text.HAL_RCC_OscConfig
                0x0000000008000bb8      0x500 ./Drivers/STM32F1xx_HAL_Driver/Src/stm32f1xx_hal_rcc.o
                0x0000000008000bb8                HAL_RCC_OscConfig
 .text.HAL_RCC_ClockConfig
                0x00000000080010b8      0x1d4 ./Drivers/STM32F1xx_HAL_Driver/Src/stm32f1xx_hal_rcc.o
                0x00000000080010b8                HAL_RCC_ClockConfig
 .text.HAL_RCC_GetSysClockFreq
                0x000000000800128c       0xa8 ./Drivers/STM32F1xx_HAL_Driver/Src/stm32f1xx_hal_rcc.o
                0x000000000800128c                HAL_RCC_GetSysClockFreq
 .text.RCC_Delay
                0x0000000008001334       0x3c ./Drivers/STM32F1xx_HAL_Driver/Src/stm32f1xx_hal_rcc.o
 .text.__errno  0x0000000008001370        0xc c:/st/stm32cubeide_1.7.0/stm32cubeide/plugins/com.st.stm32cube.ide.mcu.externaltools.gnu-tools-for-stm32.9-2020-q2-update.win32_2.0.0.202105311346/tools/bin/../lib/gcc/arm-none-eabi/9.3.1/../../../../arm-none-eabi/lib/thumb/v7-m/nofp\libc_nano.a(lib_a-errno.o)
                0x0000000008001370                __errno
 .text.__libc_init_array
                0x000000000800137c       0x48 c:/st/stm32cubeide_1.7.0/stm32cubeide/plugins/com.st.stm32cube.ide.mcu.externaltools.gnu-tools-for-stm32.9-2020-q2-update.win32_2.0.0.202105311346/tools/bin/../lib/gcc/arm-none-eabi/9.3.1/../../../../arm-none-eabi/lib/thumb/v7-m/nofp\libc_nano.a(lib_a-init.o)
                0x000000000800137c                __libc_init_array
 .text.memset   0x00000000080013c4       0x10 c:/st/stm32cubeide_1.7.0/stm32cubeide/plugins/com.st.stm32cube.ide.mcu.externaltools.gnu-tools-for-stm32.9-2020-q2-update.win32_2.0.0.202105311346/tools/bin/../lib/gcc/arm-none-eabi/9.3.1/../../../../arm-none-eabi/lib/thumb/v7-m/nofp\libc_nano.a(lib_a-memset.o)
                0x00000000080013c4                memset
 .text.scanf    0x00000000080013d4       0x30 c:/st/stm32cubeide_1.7.0/stm32cubeide/plugins/com.st.stm32cube.ide.mcu.externaltools.gnu-tools-for-stm32.9-2020-q2-update.win32_2.0.0.202105311346/tools/bin/../lib/gcc/arm-none-eabi/9.3.1/../../../../arm-none-eabi/lib/thumb/v7-m/nofp\libc_nano.a(lib_a-scanf.o)
                0x00000000080013d4                scanf
                0x00000000080013d4                iscanf
 .text.std      0x0000000008001404       0x48 c:/st/stm32cubeide_1.7.0/stm32cubeide/plugins/com.st.stm32cube.ide.mcu.externaltools.gnu-tools-for-stm32.9-2020-q2-update.win32_2.0.0.202105311346/tools/bin/../lib/gcc/arm-none-eabi/9.3.1/../../../../arm-none-eabi/lib/thumb/v7-m/nofp\libc_nano.a(lib_a-findfp.o)
 .text._cleanup_r
                0x000000000800144c        0xc c:/st/stm32cubeide_1.7.0/stm32cubeide/plugins/com.st.stm32cube.ide.mcu.externaltools.gnu-tools-for-stm32.9-2020-q2-update.win32_2.0.0.202105311346/tools/bin/../lib/gcc/arm-none-eabi/9.3.1/../../../../arm-none-eabi/lib/thumb/v7-m/nofp\libc_nano.a(lib_a-findfp.o)
                0x000000000800144c                _cleanup_r
 .text.__sfmoreglue
                0x0000000008001458       0x2c c:/st/stm32cubeide_1.7.0/stm32cubeide/plugins/com.st.stm32cube.ide.mcu.externaltools.gnu-tools-for-stm32.9-2020-q2-update.win32_2.0.0.202105311346/tools/bin/../lib/gcc/arm-none-eabi/9.3.1/../../../../arm-none-eabi/lib/thumb/v7-m/nofp\libc_nano.a(lib_a-findfp.o)
                0x0000000008001458                __sfmoreglue
 .text.__sfp_lock_acquire
                0x0000000008001484        0xc c:/st/stm32cubeide_1.7.0/stm32cubeide/plugins/com.st.stm32cube.ide.mcu.externaltools.gnu-tools-for-stm32.9-2020-q2-update.win32_2.0.0.202105311346/tools/bin/../lib/gcc/arm-none-eabi/9.3.1/../../../../arm-none-eabi/lib/thumb/v7-m/nofp\libc_nano.a(lib_a-findfp.o)
                0x0000000008001484                __sfp_lock_acquire
 .text.__sfp_lock_release
                0x0000000008001490        0xc c:/st/stm32cubeide_1.7.0/stm32cubeide/plugins/com.st.stm32cube.ide.mcu.externaltools.gnu-tools-for-stm32.9-2020-q2-update.win32_2.0.0.202105311346/tools/bin/../lib/gcc/arm-none-eabi/9.3.1/../../../../arm-none-eabi/lib/thumb/v7-m/nofp\libc_nano.a(lib_a-findfp.o)
                0x0000000008001490                __sfp_lock_release
 .text.__sinit_lock_acquire
                0x000000000800149c        0xc c:/st/stm32cubeide_1.7.0/stm32cubeide/plugins/com.st.stm32cube.ide.mcu.externaltools.gnu-tools-for-stm32.9-2020-q2-update.win32_2.0.0.202105311346/tools/bin/../lib/gcc/arm-none-eabi/9.3.1/../../../../arm-none-eabi/lib/thumb/v7-m/nofp\libc_nano.a(lib_a-findfp.o)
                0x000000000800149c                __sinit_lock_acquire
 .text.__sinit_lock_release
                0x00000000080014a8        0xc c:/st/stm32cubeide_1.7.0/stm32cubeide/plugins/com.st.stm32cube.ide.mcu.externaltools.gnu-tools-for-stm32.9-2020-q2-update.win32_2.0.0.202105311346/tools/bin/../lib/gcc/arm-none-eabi/9.3.1/../../../../arm-none-eabi/lib/thumb/v7-m/nofp\libc_nano.a(lib_a-findfp.o)
                0x00000000080014a8                __sinit_lock_release
 .text.__sinit  0x00000000080014b4       0x70 c:/st/stm32cubeide_1.7.0/stm32cubeide/plugins/com.st.stm32cube.ide.mcu.externaltools.gnu-tools-for-stm32.9-2020-q2-update.win32_2.0.0.202105311346/tools/bin/../lib/gcc/arm-none-eabi/9.3.1/../../../../arm-none-eabi/lib/thumb/v7-m/nofp\libc_nano.a(lib_a-findfp.o)
                0x00000000080014b4                __sinit
 .text.__sfp    0x0000000008001524       0x8c c:/st/stm32cubeide_1.7.0/stm32cubeide/plugins/com.st.stm32cube.ide.mcu.externaltools.gnu-tools-for-stm32.9-2020-q2-update.win32_2.0.0.202105311346/tools/bin/../lib/gcc/arm-none-eabi/9.3.1/../../../../arm-none-eabi/lib/thumb/v7-m/nofp\libc_nano.a(lib_a-findfp.o)
                0x0000000008001524                __sfp
 .text._fwalk   0x00000000080015b0       0x3a c:/st/stm32cubeide_1.7.0/stm32cubeide/plugins/com.st.stm32cube.ide.mcu.externaltools.gnu-tools-for-stm32.9-2020-q2-update.win32_2.0.0.202105311346/tools/bin/../lib/gcc/arm-none-eabi/9.3.1/../../../../arm-none-eabi/lib/thumb/v7-m/nofp\libc_nano.a(lib_a-fwalk.o)
                0x00000000080015b0                _fwalk
 .text._fwalk_reent
                0x00000000080015ea       0x3e c:/st/stm32cubeide_1.7.0/stm32cubeide/plugins/com.st.stm32cube.ide.mcu.externaltools.gnu-tools-for-stm32.9-2020-q2-update.win32_2.0.0.202105311346/tools/bin/../lib/gcc/arm-none-eabi/9.3.1/../../../../arm-none-eabi/lib/thumb/v7-m/nofp\libc_nano.a(lib_a-fwalk.o)
                0x00000000080015ea                _fwalk_reent
 .text.__retarget_lock_init_recursive
                0x0000000008001628        0x2 c:/st/stm32cubeide_1.7.0/stm32cubeide/plugins/com.st.stm32cube.ide.mcu.externaltools.gnu-tools-for-stm32.9-2020-q2-update.win32_2.0.0.202105311346/tools/bin/../lib/gcc/arm-none-eabi/9.3.1/../../../../arm-none-eabi/lib/thumb/v7-m/nofp\libc_nano.a(lib_a-lock.o)
                0x0000000008001628                __retarget_lock_init_recursive
 .text.__retarget_lock_acquire_recursive
                0x000000000800162a        0x2 c:/st/stm32cubeide_1.7.0/stm32cubeide/plugins/com.st.stm32cube.ide.mcu.externaltools.gnu-tools-for-stm32.9-2020-q2-update.win32_2.0.0.202105311346/tools/bin/../lib/gcc/arm-none-eabi/9.3.1/../../../../arm-none-eabi/lib/thumb/v7-m/nofp\libc_nano.a(lib_a-lock.o)
                0x000000000800162a                __retarget_lock_acquire_recursive
 .text.__retarget_lock_release_recursive
                0x000000000800162c        0x2 c:/st/stm32cubeide_1.7.0/stm32cubeide/plugins/com.st.stm32cube.ide.mcu.externaltools.gnu-tools-for-stm32.9-2020-q2-update.win32_2.0.0.202105311346/tools/bin/../lib/gcc/arm-none-eabi/9.3.1/../../../../arm-none-eabi/lib/thumb/v7-m/nofp\libc_nano.a(lib_a-lock.o)
                0x000000000800162c                __retarget_lock_release_recursive
 *fill*         0x000000000800162e        0x2 
 .text._malloc_r
                0x0000000008001630       0xb4 c:/st/stm32cubeide_1.7.0/stm32cubeide/plugins/com.st.stm32cube.ide.mcu.externaltools.gnu-tools-for-stm32.9-2020-q2-update.win32_2.0.0.202105311346/tools/bin/../lib/gcc/arm-none-eabi/9.3.1/../../../../arm-none-eabi/lib/thumb/v7-m/nofp\libc_nano.a(lib_a-nano-mallocr.o)
                0x0000000008001630                _malloc_r
 .text.__svfscanf_r
                0x00000000080016e4      0x348 c:/st/stm32cubeide_1.7.0/stm32cubeide/plugins/com.st.stm32cube.ide.mcu.externaltools.gnu-tools-for-stm32.9-2020-q2-update.win32_2.0.0.202105311346/tools/bin/../lib/gcc/arm-none-eabi/9.3.1/../../../../arm-none-eabi/lib/thumb/v7-m/nofp\libc_nano.a(lib_a-nano-vfscanf.o)
                0x00000000080016e4                __svfscanf_r
                0x00000000080016e4                __svfiscanf_r
 .text._vfscanf_r
                0x0000000008001a2c       0x50 c:/st/stm32cubeide_1.7.0/stm32cubeide/plugins/com.st.stm32cube.ide.mcu.externaltools.gnu-tools-for-stm32.9-2020-q2-update.win32_2.0.0.202105311346/tools/bin/../lib/gcc/arm-none-eabi/9.3.1/../../../../arm-none-eabi/lib/thumb/v7-m/nofp\libc_nano.a(lib_a-nano-vfscanf.o)
                0x0000000008001a2c                _vfscanf_r
                0x0000000008001a2c                _vfiscanf_r
 .text._scanf_chars
                0x0000000008001a7c       0xb0 c:/st/stm32cubeide_1.7.0/stm32cubeide/plugins/com.st.stm32cube.ide.mcu.externaltools.gnu-tools-for-stm32.9-2020-q2-update.win32_2.0.0.202105311346/tools/bin/../lib/gcc/arm-none-eabi/9.3.1/../../../../arm-none-eabi/lib/thumb/v7-m/nofp\libc_nano.a(lib_a-nano-vfscanf_i.o)
                0x0000000008001a7c                _scanf_chars
 .text._scanf_i
                0x0000000008001b2c      0x1e4 c:/st/stm32cubeide_1.7.0/stm32cubeide/plugins/com.st.stm32cube.ide.mcu.externaltools.gnu-tools-for-stm32.9-2020-q2-update.win32_2.0.0.202105311346/tools/bin/../lib/gcc/arm-none-eabi/9.3.1/../../../../arm-none-eabi/lib/thumb/v7-m/nofp\libc_nano.a(lib_a-nano-vfscanf_i.o)
                0x0000000008001b2c                _scanf_i
 .text.lflush   0x0000000008001d10       0x12 c:/st/stm32cubeide_1.7.0/stm32cubeide/plugins/com.st.stm32cube.ide.mcu.externaltools.gnu-tools-for-stm32.9-2020-q2-update.win32_2.0.0.202105311346/tools/bin/../lib/gcc/arm-none-eabi/9.3.1/../../../../arm-none-eabi/lib/thumb/v7-m/nofp\libc_nano.a(lib_a-refill.o)
 *fill*         0x0000000008001d22        0x2 
 .text.__srefill_r
                0x0000000008001d24      0x118 c:/st/stm32cubeide_1.7.0/stm32cubeide/plugins/com.st.stm32cube.ide.mcu.externaltools.gnu-tools-for-stm32.9-2020-q2-update.win32_2.0.0.202105311346/tools/bin/../lib/gcc/arm-none-eabi/9.3.1/../../../../arm-none-eabi/lib/thumb/v7-m/nofp\libc_nano.a(lib_a-refill.o)
                0x0000000008001d24                __srefill_r
 .text._sbrk_r  0x0000000008001e3c       0x20 c:/st/stm32cubeide_1.7.0/stm32cubeide/plugins/com.st.stm32cube.ide.mcu.externaltools.gnu-tools-for-stm32.9-2020-q2-update.win32_2.0.0.202105311346/tools/bin/../lib/gcc/arm-none-eabi/9.3.1/../../../../arm-none-eabi/lib/thumb/v7-m/nofp\libc_nano.a(lib_a-sbrkr.o)
                0x0000000008001e3c                _sbrk_r
 .text.__sccl   0x0000000008001e5c       0x74 c:/st/stm32cubeide_1.7.0/stm32cubeide/plugins/com.st.stm32cube.ide.mcu.externaltools.gnu-tools-for-stm32.9-2020-q2-update.win32_2.0.0.202105311346/tools/bin/../lib/gcc/arm-none-eabi/9.3.1/../../../../arm-none-eabi/lib/thumb/v7-m/nofp\libc_nano.a(lib_a-sccl.o)
                0x0000000008001e5c                __sccl
 .text.__sread  0x0000000008001ed0       0x22 c:/st/stm32cubeide_1.7.0/stm32cubeide/plugins/com.st.stm32cube.ide.mcu.externaltools.gnu-tools-for-stm32.9-2020-q2-update.win32_2.0.0.202105311346/tools/bin/../lib/gcc/arm-none-eabi/9.3.1/../../../../arm-none-eabi/lib/thumb/v7-m/nofp\libc_nano.a(lib_a-stdio.o)
                0x0000000008001ed0                __sread
 .text.__swrite
                0x0000000008001ef2       0x38 c:/st/stm32cubeide_1.7.0/stm32cubeide/plugins/com.st.stm32cube.ide.mcu.externaltools.gnu-tools-for-stm32.9-2020-q2-update.win32_2.0.0.202105311346/tools/bin/../lib/gcc/arm-none-eabi/9.3.1/../../../../arm-none-eabi/lib/thumb/v7-m/nofp\libc_nano.a(lib_a-stdio.o)
                0x0000000008001ef2                __swrite
 .text.__sseek  0x0000000008001f2a       0x24 c:/st/stm32cubeide_1.7.0/stm32cubeide/plugins/com.st.stm32cube.ide.mcu.externaltools.gnu-tools-for-stm32.9-2020-q2-update.win32_2.0.0.202105311346/tools/bin/../lib/gcc/arm-none-eabi/9.3.1/../../../../arm-none-eabi/lib/thumb/v7-m/nofp\libc_nano.a(lib_a-stdio.o)
                0x0000000008001f2a                __sseek
 .text.__sclose
                0x0000000008001f4e        0x8 c:/st/stm32cubeide_1.7.0/stm32cubeide/plugins/com.st.stm32cube.ide.mcu.externaltools.gnu-tools-for-stm32.9-2020-q2-update.win32_2.0.0.202105311346/tools/bin/../lib/gcc/arm-none-eabi/9.3.1/../../../../arm-none-eabi/lib/thumb/v7-m/nofp\libc_nano.a(lib_a-stdio.o)
                0x0000000008001f4e                __sclose
 *fill*         0x0000000008001f56        0x2 
 .text._strtol_l.isra.0
                0x0000000008001f58      0x10c c:/st/stm32cubeide_1.7.0/stm32cubeide/plugins/com.st.stm32cube.ide.mcu.externaltools.gnu-tools-for-stm32.9-2020-q2-update.win32_2.0.0.202105311346/tools/bin/../lib/gcc/arm-none-eabi/9.3.1/../../../../arm-none-eabi/lib/thumb/v7-m/nofp\libc_nano.a(lib_a-strtol.o)
 .text._strtol_r
                0x0000000008002064        0x4 c:/st/stm32cubeide_1.7.0/stm32cubeide/plugins/com.st.stm32cube.ide.mcu.externaltools.gnu-tools-for-stm32.9-2020-q2-update.win32_2.0.0.202105311346/tools/bin/../lib/gcc/arm-none-eabi/9.3.1/../../../../arm-none-eabi/lib/thumb/v7-m/nofp\libc_nano.a(lib_a-strtol.o)
                0x0000000008002064                _strtol_r
 .text._strtoul_l.isra.0
                0x0000000008002068       0xf8 c:/st/stm32cubeide_1.7.0/stm32cubeide/plugins/com.st.stm32cube.ide.mcu.externaltools.gnu-tools-for-stm32.9-2020-q2-update.win32_2.0.0.202105311346/tools/bin/../lib/gcc/arm-none-eabi/9.3.1/../../../../arm-none-eabi/lib/thumb/v7-m/nofp\libc_nano.a(lib_a-strtoul.o)
 .text._strtoul_r
                0x0000000008002160        0x4 c:/st/stm32cubeide_1.7.0/stm32cubeide/plugins/com.st.stm32cube.ide.mcu.externaltools.gnu-tools-for-stm32.9-2020-q2-update.win32_2.0.0.202105311346/tools/bin/../lib/gcc/arm-none-eabi/9.3.1/../../../../arm-none-eabi/lib/thumb/v7-m/nofp\libc_nano.a(lib_a-strtoul.o)
                0x0000000008002160                _strtoul_r
 .text.__submore
                0x0000000008002164       0x70 c:/st/stm32cubeide_1.7.0/stm32cubeide/plugins/com.st.stm32cube.ide.mcu.externaltools.gnu-tools-for-stm32.9-2020-q2-update.win32_2.0.0.202105311346/tools/bin/../lib/gcc/arm-none-eabi/9.3.1/../../../../arm-none-eabi/lib/thumb/v7-m/nofp\libc_nano.a(lib_a-ungetc.o)
                0x0000000008002164                __submore
 .text._ungetc_r
                0x00000000080021d4      0x130 c:/st/stm32cubeide_1.7.0/stm32cubeide/plugins/com.st.stm32cube.ide.mcu.externaltools.gnu-tools-for-stm32.9-2020-q2-update.win32_2.0.0.202105311346/tools/bin/../lib/gcc/arm-none-eabi/9.3.1/../../../../arm-none-eabi/lib/thumb/v7-m/nofp\libc_nano.a(lib_a-ungetc.o)
                0x00000000080021d4                _ungetc_r
 .text._write_r
                0x0000000008002304       0x24 c:/st/stm32cubeide_1.7.0/stm32cubeide/plugins/com.st.stm32cube.ide.mcu.externaltools.gnu-tools-for-stm32.9-2020-q2-update.win32_2.0.0.202105311346/tools/bin/../lib/gcc/arm-none-eabi/9.3.1/../../../../arm-none-eabi/lib/thumb/v7-m/nofp\libc_nano.a(lib_a-writer.o)
                0x0000000008002304                _write_r
 .text._close_r
                0x0000000008002328       0x20 c:/st/stm32cubeide_1.7.0/stm32cubeide/plugins/com.st.stm32cube.ide.mcu.externaltools.gnu-tools-for-stm32.9-2020-q2-update.win32_2.0.0.202105311346/tools/bin/../lib/gcc/arm-none-eabi/9.3.1/../../../../arm-none-eabi/lib/thumb/v7-m/nofp\libc_nano.a(lib_a-closer.o)
                0x0000000008002328                _close_r
 .text.__sflush_r
                0x0000000008002348      0x10c c:/st/stm32cubeide_1.7.0/stm32cubeide/plugins/com.st.stm32cube.ide.mcu.externaltools.gnu-tools-for-stm32.9-2020-q2-update.win32_2.0.0.202105311346/tools/bin/../lib/gcc/arm-none-eabi/9.3.1/../../../../arm-none-eabi/lib/thumb/v7-m/nofp\libc_nano.a(lib_a-fflush.o)
                0x0000000008002348                __sflush_r
 .text._fflush_r
                0x0000000008002454       0x78 c:/st/stm32cubeide_1.7.0/stm32cubeide/plugins/com.st.stm32cube.ide.mcu.externaltools.gnu-tools-for-stm32.9-2020-q2-update.win32_2.0.0.202105311346/tools/bin/../lib/gcc/arm-none-eabi/9.3.1/../../../../arm-none-eabi/lib/thumb/v7-m/nofp\libc_nano.a(lib_a-fflush.o)
                0x0000000008002454                _fflush_r
 .text.fflush   0x00000000080024cc       0x24 c:/st/stm32cubeide_1.7.0/stm32cubeide/plugins/com.st.stm32cube.ide.mcu.externaltools.gnu-tools-for-stm32.9-2020-q2-update.win32_2.0.0.202105311346/tools/bin/../lib/gcc/arm-none-eabi/9.3.1/../../../../arm-none-eabi/lib/thumb/v7-m/nofp\libc_nano.a(lib_a-fflush.o)
                0x00000000080024cc                fflush
 .text._lseek_r
                0x00000000080024f0       0x24 c:/st/stm32cubeide_1.7.0/stm32cubeide/plugins/com.st.stm32cube.ide.mcu.externaltools.gnu-tools-for-stm32.9-2020-q2-update.win32_2.0.0.202105311346/tools/bin/../lib/gcc/arm-none-eabi/9.3.1/../../../../arm-none-eabi/lib/thumb/v7-m/nofp\libc_nano.a(lib_a-lseekr.o)
                0x00000000080024f0                _lseek_r
 .text.__swhatbuf_r
                0x0000000008002514       0x48 c:/st/stm32cubeide_1.7.0/stm32cubeide/plugins/com.st.stm32cube.ide.mcu.externaltools.gnu-tools-for-stm32.9-2020-q2-update.win32_2.0.0.202105311346/tools/bin/../lib/gcc/arm-none-eabi/9.3.1/../../../../arm-none-eabi/lib/thumb/v7-m/nofp\libc_nano.a(lib_a-makebuf.o)
                0x0000000008002514                __swhatbuf_r
 .text.__smakebuf_r
                0x000000000800255c       0x80 c:/st/stm32cubeide_1.7.0/stm32cubeide/plugins/com.st.stm32cube.ide.mcu.externaltools.gnu-tools-for-stm32.9-2020-q2-update.win32_2.0.0.202105311346/tools/bin/../lib/gcc/arm-none-eabi/9.3.1/../../../../arm-none-eabi/lib/thumb/v7-m/nofp\libc_nano.a(lib_a-makebuf.o)
                0x000000000800255c                __smakebuf_r
 .text.memchr   0x00000000080025dc       0x1c c:/st/stm32cubeide_1.7.0/stm32cubeide/plugins/com.st.stm32cube.ide.mcu.externaltools.gnu-tools-for-stm32.9-2020-q2-update.win32_2.0.0.202105311346/tools/bin/../lib/gcc/arm-none-eabi/9.3.1/../../../../arm-none-eabi/lib/thumb/v7-m/nofp\libc_nano.a(lib_a-memchr-stub.o)
                0x00000000080025dc                memchr
 .text.memcpy   0x00000000080025f8       0x1c c:/st/stm32cubeide_1.7.0/stm32cubeide/plugins/com.st.stm32cube.ide.mcu.externaltools.gnu-tools-for-stm32.9-2020-q2-update.win32_2.0.0.202105311346/tools/bin/../lib/gcc/arm-none-eabi/9.3.1/../../../../arm-none-eabi/lib/thumb/v7-m/nofp\libc_nano.a(lib_a-memcpy-stub.o)
                0x00000000080025f8                memcpy
 .text.__malloc_lock
                0x0000000008002614        0xc c:/st/stm32cubeide_1.7.0/stm32cubeide/plugins/com.st.stm32cube.ide.mcu.externaltools.gnu-tools-for-stm32.9-2020-q2-update.win32_2.0.0.202105311346/tools/bin/../lib/gcc/arm-none-eabi/9.3.1/../../../../arm-none-eabi/lib/thumb/v7-m/nofp\libc_nano.a(lib_a-mlock.o)
                0x0000000008002614                __malloc_lock
 .text.__malloc_unlock
                0x0000000008002620        0xc c:/st/stm32cubeide_1.7.0/stm32cubeide/plugins/com.st.stm32cube.ide.mcu.externaltools.gnu-tools-for-stm32.9-2020-q2-update.win32_2.0.0.202105311346/tools/bin/../lib/gcc/arm-none-eabi/9.3.1/../../../../arm-none-eabi/lib/thumb/v7-m/nofp\libc_nano.a(lib_a-mlock.o)
                0x0000000008002620                __malloc_unlock
 .text._free_r  0x000000000800262c       0x98 c:/st/stm32cubeide_1.7.0/stm32cubeide/plugins/com.st.stm32cube.ide.mcu.externaltools.gnu-tools-for-stm32.9-2020-q2-update.win32_2.0.0.202105311346/tools/bin/../lib/gcc/arm-none-eabi/9.3.1/../../../../arm-none-eabi/lib/thumb/v7-m/nofp\libc_nano.a(lib_a-nano-freer.o)
                0x000000000800262c                _free_r
 .text._realloc_r
                0x00000000080026c4       0x4c c:/st/stm32cubeide_1.7.0/stm32cubeide/plugins/com.st.stm32cube.ide.mcu.externaltools.gnu-tools-for-stm32.9-2020-q2-update.win32_2.0.0.202105311346/tools/bin/../lib/gcc/arm-none-eabi/9.3.1/../../../../arm-none-eabi/lib/thumb/v7-m/nofp\libc_nano.a(lib_a-nano-reallocr.o)
                0x00000000080026c4                _realloc_r
 .text._read_r  0x0000000008002710       0x24 c:/st/stm32cubeide_1.7.0/stm32cubeide/plugins/com.st.stm32cube.ide.mcu.externaltools.gnu-tools-for-stm32.9-2020-q2-update.win32_2.0.0.202105311346/tools/bin/../lib/gcc/arm-none-eabi/9.3.1/../../../../arm-none-eabi/lib/thumb/v7-m/nofp\libc_nano.a(lib_a-readr.o)
                0x0000000008002710                _read_r
 .text._fstat_r
                0x0000000008002734       0x24 c:/st/stm32cubeide_1.7.0/stm32cubeide/plugins/com.st.stm32cube.ide.mcu.externaltools.gnu-tools-for-stm32.9-2020-q2-update.win32_2.0.0.202105311346/tools/bin/../lib/gcc/arm-none-eabi/9.3.1/../../../../arm-none-eabi/lib/thumb/v7-m/nofp\libc_nano.a(lib_a-fstatr.o)
                0x0000000008002734                _fstat_r
 .text._isatty_r
                0x0000000008002758       0x20 c:/st/stm32cubeide_1.7.0/stm32cubeide/plugins/com.st.stm32cube.ide.mcu.externaltools.gnu-tools-for-stm32.9-2020-q2-update.win32_2.0.0.202105311346/tools/bin/../lib/gcc/arm-none-eabi/9.3.1/../../../../arm-none-eabi/lib/thumb/v7-m/nofp\libc_nano.a(lib_a-isattyr.o)
                0x0000000008002758                _isatty_r
 .text._malloc_usable_size_r
                0x0000000008002778       0x10 c:/st/stm32cubeide_1.7.0/stm32cubeide/plugins/com.st.stm32cube.ide.mcu.externaltools.gnu-tools-for-stm32.9-2020-q2-update.win32_2.0.0.202105311346/tools/bin/../lib/gcc/arm-none-eabi/9.3.1/../../../../arm-none-eabi/lib/thumb/v7-m/nofp\libc_nano.a(lib_a-nano-msizer.o)
                0x0000000008002778                _malloc_usable_size_r
 *(.glue_7)
 .glue_7        0x0000000008002788        0x0 linker stubs
 *(.glue_7t)
 .glue_7t       0x0000000008002788        0x0 linker stubs
 *(.eh_frame)
 .eh_frame      0x0000000008002788        0x0 c:/st/stm32cubeide_1.7.0/stm32cubeide/plugins/com.st.stm32cube.ide.mcu.externaltools.gnu-tools-for-stm32.9-2020-q2-update.win32_2.0.0.202105311346/tools/bin/../lib/gcc/arm-none-eabi/9.3.1/thumb/v7-m/nofp/crtbegin.o
 *(.init)
 .init          0x0000000008002788        0x4 c:/st/stm32cubeide_1.7.0/stm32cubeide/plugins/com.st.stm32cube.ide.mcu.externaltools.gnu-tools-for-stm32.9-2020-q2-update.win32_2.0.0.202105311346/tools/bin/../lib/gcc/arm-none-eabi/9.3.1/thumb/v7-m/nofp/crti.o
                0x0000000008002788                _init
 .init          0x000000000800278c        0x8 c:/st/stm32cubeide_1.7.0/stm32cubeide/plugins/com.st.stm32cube.ide.mcu.externaltools.gnu-tools-for-stm32.9-2020-q2-update.win32_2.0.0.202105311346/tools/bin/../lib/gcc/arm-none-eabi/9.3.1/thumb/v7-m/nofp/crtn.o
 *(.fini)
 .fini          0x0000000008002794        0x4 c:/st/stm32cubeide_1.7.0/stm32cubeide/plugins/com.st.stm32cube.ide.mcu.externaltools.gnu-tools-for-stm32.9-2020-q2-update.win32_2.0.0.202105311346/tools/bin/../lib/gcc/arm-none-eabi/9.3.1/thumb/v7-m/nofp/crti.o
                0x0000000008002794                _fini
 .fini          0x0000000008002798        0x8 c:/st/stm32cubeide_1.7.0/stm32cubeide/plugins/com.st.stm32cube.ide.mcu.externaltools.gnu-tools-for-stm32.9-2020-q2-update.win32_2.0.0.202105311346/tools/bin/../lib/gcc/arm-none-eabi/9.3.1/thumb/v7-m/nofp/crtn.o
                0x00000000080027a0                . = ALIGN (0x4)
                0x00000000080027a0                _etext = .

.vfp11_veneer   0x00000000080027a0        0x0
 .vfp11_veneer  0x00000000080027a0        0x0 linker stubs

.v4_bx          0x00000000080027a0        0x0
 .v4_bx         0x00000000080027a0        0x0 linker stubs

.iplt           0x00000000080027a0        0x0
 .iplt          0x00000000080027a0        0x0 c:/st/stm32cubeide_1.7.0/stm32cubeide/plugins/com.st.stm32cube.ide.mcu.externaltools.gnu-tools-for-stm32.9-2020-q2-update.win32_2.0.0.202105311346/tools/bin/../lib/gcc/arm-none-eabi/9.3.1/thumb/v7-m/nofp/crtbegin.o

.rodata         0x00000000080027a0      0x1b8
                0x00000000080027a0                . = ALIGN (0x4)
 *(.rodata)
 .rodata        0x00000000080027a0        0x3 ./Core/Src/main.o
 *fill*         0x00000000080027a3        0x1 
 .rodata        0x00000000080027a4        0xc c:/st/stm32cubeide_1.7.0/stm32cubeide/plugins/com.st.stm32cube.ide.mcu.externaltools.gnu-tools-for-stm32.9-2020-q2-update.win32_2.0.0.202105311346/tools/bin/../lib/gcc/arm-none-eabi/9.3.1/../../../../arm-none-eabi/lib/thumb/v7-m/nofp\libc_nano.a(lib_a-nano-vfscanf_i.o)
 *(.rodata*)
 .rodata.AHBPrescTable
                0x00000000080027b0       0x10 ./Core/Src/system_stm32f1xx.o
                0x00000000080027b0                AHBPrescTable
 .rodata.aPLLMULFactorTable.5504
                0x00000000080027c0       0x10 ./Drivers/STM32F1xx_HAL_Driver/Src/stm32f1xx_hal_rcc.o
 .rodata.aPredivFactorTable.5505
                0x00000000080027d0        0x2 ./Drivers/STM32F1xx_HAL_Driver/Src/stm32f1xx_hal_rcc.o
 *fill*         0x00000000080027d2        0x2 
 .rodata._global_impure_ptr
                0x00000000080027d4        0x4 c:/st/stm32cubeide_1.7.0/stm32cubeide/plugins/com.st.stm32cube.ide.mcu.externaltools.gnu-tools-for-stm32.9-2020-q2-update.win32_2.0.0.202105311346/tools/bin/../lib/gcc/arm-none-eabi/9.3.1/../../../../arm-none-eabi/lib/thumb/v7-m/nofp\libc_nano.a(lib_a-impure.o)
                0x00000000080027d4                _global_impure_ptr
 .rodata.__sf_fake_stderr
                0x00000000080027d8       0x20 c:/st/stm32cubeide_1.7.0/stm32cubeide/plugins/com.st.stm32cube.ide.mcu.externaltools.gnu-tools-for-stm32.9-2020-q2-update.win32_2.0.0.202105311346/tools/bin/../lib/gcc/arm-none-eabi/9.3.1/../../../../arm-none-eabi/lib/thumb/v7-m/nofp\libc_nano.a(lib_a-findfp.o)
                0x00000000080027d8                __sf_fake_stderr
 .rodata.__sf_fake_stdin
                0x00000000080027f8       0x20 c:/st/stm32cubeide_1.7.0/stm32cubeide/plugins/com.st.stm32cube.ide.mcu.externaltools.gnu-tools-for-stm32.9-2020-q2-update.win32_2.0.0.202105311346/tools/bin/../lib/gcc/arm-none-eabi/9.3.1/../../../../arm-none-eabi/lib/thumb/v7-m/nofp\libc_nano.a(lib_a-findfp.o)
                0x00000000080027f8                __sf_fake_stdin
 .rodata.__sf_fake_stdout
                0x0000000008002818       0x20 c:/st/stm32cubeide_1.7.0/stm32cubeide/plugins/com.st.stm32cube.ide.mcu.externaltools.gnu-tools-for-stm32.9-2020-q2-update.win32_2.0.0.202105311346/tools/bin/../lib/gcc/arm-none-eabi/9.3.1/../../../../arm-none-eabi/lib/thumb/v7-m/nofp\libc_nano.a(lib_a-findfp.o)
                0x0000000008002818                __sf_fake_stdout
 .rodata.__svfscanf_r.str1.1
                0x0000000008002838        0x4 c:/st/stm32cubeide_1.7.0/stm32cubeide/plugins/com.st.stm32cube.ide.mcu.externaltools.gnu-tools-for-stm32.9-2020-q2-update.win32_2.0.0.202105311346/tools/bin/../lib/gcc/arm-none-eabi/9.3.1/../../../../arm-none-eabi/lib/thumb/v7-m/nofp\libc_nano.a(lib_a-nano-vfscanf.o)
 .rodata.str1.1
                0x000000000800283c        0x9 c:/st/stm32cubeide_1.7.0/stm32cubeide/plugins/com.st.stm32cube.ide.mcu.externaltools.gnu-tools-for-stm32.9-2020-q2-update.win32_2.0.0.202105311346/tools/bin/../lib/gcc/arm-none-eabi/9.3.1/../../../../arm-none-eabi/lib/thumb/v7-m/nofp\libc_nano.a(lib_a-nano-vfscanf_i.o)
 .rodata._scanf_i.str1.1
                0x0000000008002845       0x12 c:/st/stm32cubeide_1.7.0/stm32cubeide/plugins/com.st.stm32cube.ide.mcu.externaltools.gnu-tools-for-stm32.9-2020-q2-update.win32_2.0.0.202105311346/tools/bin/../lib/gcc/arm-none-eabi/9.3.1/../../../../arm-none-eabi/lib/thumb/v7-m/nofp\libc_nano.a(lib_a-nano-vfscanf_i.o)
 .rodata._ctype_
                0x0000000008002857      0x101 c:/st/stm32cubeide_1.7.0/stm32cubeide/plugins/com.st.stm32cube.ide.mcu.externaltools.gnu-tools-for-stm32.9-2020-q2-update.win32_2.0.0.202105311346/tools/bin/../lib/gcc/arm-none-eabi/9.3.1/../../../../arm-none-eabi/lib/thumb/v7-m/nofp\libc_nano.a(lib_a-ctype_.o)
                0x0000000008002857                _ctype_
                0x0000000008002958                . = ALIGN (0x4)

.rel.dyn        0x0000000008002958        0x0
 .rel.iplt      0x0000000008002958        0x0 c:/st/stm32cubeide_1.7.0/stm32cubeide/plugins/com.st.stm32cube.ide.mcu.externaltools.gnu-tools-for-stm32.9-2020-q2-update.win32_2.0.0.202105311346/tools/bin/../lib/gcc/arm-none-eabi/9.3.1/thumb/v7-m/nofp/crtbegin.o

.ARM.extab      0x0000000008002958        0x0
                0x0000000008002958                . = ALIGN (0x4)
 *(.ARM.extab* .gnu.linkonce.armextab.*)
                0x0000000008002958                . = ALIGN (0x4)

.ARM            0x0000000008002958        0x0
                0x0000000008002958                . = ALIGN (0x4)
                0x0000000008002958                __exidx_start = .
 *(.ARM.exidx*)
                0x0000000008002958                __exidx_end = .
                0x0000000008002958                . = ALIGN (0x4)

.preinit_array  0x0000000008002958        0x0
                0x0000000008002958                . = ALIGN (0x4)
                0x0000000008002958                PROVIDE (__preinit_array_start = .)
 *(.preinit_array*)
                0x0000000008002958                PROVIDE (__preinit_array_end = .)
                0x0000000008002958                . = ALIGN (0x4)

.init_array     0x0000000008002958        0x4
                0x0000000008002958                . = ALIGN (0x4)
                0x0000000008002958                PROVIDE (__init_array_start = .)
 *(SORT_BY_NAME(.init_array.*))
 *(.init_array*)
 .init_array    0x0000000008002958        0x4 c:/st/stm32cubeide_1.7.0/stm32cubeide/plugins/com.st.stm32cube.ide.mcu.externaltools.gnu-tools-for-stm32.9-2020-q2-update.win32_2.0.0.202105311346/tools/bin/../lib/gcc/arm-none-eabi/9.3.1/thumb/v7-m/nofp/crtbegin.o
                0x000000000800295c                PROVIDE (__init_array_end = .)
                0x000000000800295c                . = ALIGN (0x4)

.fini_array     0x000000000800295c        0x4
                0x000000000800295c                . = ALIGN (0x4)
                [!provide]                        PROVIDE (__fini_array_start = .)
 *(SORT_BY_NAME(.fini_array.*))
 *(.fini_array*)
 .fini_array    0x000000000800295c        0x4 c:/st/stm32cubeide_1.7.0/stm32cubeide/plugins/com.st.stm32cube.ide.mcu.externaltools.gnu-tools-for-stm32.9-2020-q2-update.win32_2.0.0.202105311346/tools/bin/../lib/gcc/arm-none-eabi/9.3.1/thumb/v7-m/nofp/crtbegin.o
                [!provide]                        PROVIDE (__fini_array_end = .)
                0x0000000008002960                . = ALIGN (0x4)
                0x0000000008002960                _sidata = LOADADDR (.data)

.data           0x0000000020000000       0x70 load address 0x0000000008002960
                0x0000000020000000                . = ALIGN (0x4)
                0x0000000020000000                _sdata = .
 *(.data)
 *(.data*)
 .data.SystemCoreClock
                0x0000000020000000        0x4 ./Core/Src/system_stm32f1xx.o
                0x0000000020000000                SystemCoreClock
 .data.uwTickPrio
                0x0000000020000004        0x4 ./Drivers/STM32F1xx_HAL_Driver/Src/stm32f1xx_hal.o
                0x0000000020000004                uwTickPrio
 .data.uwTickFreq
                0x0000000020000008        0x1 ./Drivers/STM32F1xx_HAL_Driver/Src/stm32f1xx_hal.o
                0x0000000020000008                uwTickFreq
 *fill*         0x0000000020000009        0x3 
 .data._impure_ptr
                0x000000002000000c        0x4 c:/st/stm32cubeide_1.7.0/stm32cubeide/plugins/com.st.stm32cube.ide.mcu.externaltools.gnu-tools-for-stm32.9-2020-q2-update.win32_2.0.0.202105311346/tools/bin/../lib/gcc/arm-none-eabi/9.3.1/../../../../arm-none-eabi/lib/thumb/v7-m/nofp\libc_nano.a(lib_a-impure.o)
                0x000000002000000c                _impure_ptr
 .data.impure_data
                0x0000000020000010       0x60 c:/st/stm32cubeide_1.7.0/stm32cubeide/plugins/com.st.stm32cube.ide.mcu.externaltools.gnu-tools-for-stm32.9-2020-q2-update.win32_2.0.0.202105311346/tools/bin/../lib/gcc/arm-none-eabi/9.3.1/../../../../arm-none-eabi/lib/thumb/v7-m/nofp\libc_nano.a(lib_a-impure.o)
 *(.RamFunc)
 *(.RamFunc*)
                0x0000000020000070                . = ALIGN (0x4)
                0x0000000020000070                _edata = .

.igot.plt       0x0000000020000070        0x0 load address 0x00000000080029d0
 .igot.plt      0x0000000020000070        0x0 c:/st/stm32cubeide_1.7.0/stm32cubeide/plugins/com.st.stm32cube.ide.mcu.externaltools.gnu-tools-for-stm32.9-2020-q2-update.win32_2.0.0.202105311346/tools/bin/../lib/gcc/arm-none-eabi/9.3.1/thumb/v7-m/nofp/crtbegin.o
                0x0000000020000070                . = ALIGN (0x4)

.bss            0x0000000020000070       0x3c load address 0x00000000080029d0
                0x0000000020000070                _sbss = .
                0x0000000020000070                __bss_start__ = _sbss
 *(.bss)
 .bss           0x0000000020000070       0x1c c:/st/stm32cubeide_1.7.0/stm32cubeide/plugins/com.st.stm32cube.ide.mcu.externaltools.gnu-tools-for-stm32.9-2020-q2-update.win32_2.0.0.202105311346/tools/bin/../lib/gcc/arm-none-eabi/9.3.1/thumb/v7-m/nofp/crtbegin.o
 *(.bss*)
 .bss.__sbrk_heap_end
                0x000000002000008c        0x4 ./Core/Src/sysmem.o
 .bss.__malloc_free_list
                0x0000000020000090        0x4 c:/st/stm32cubeide_1.7.0/stm32cubeide/plugins/com.st.stm32cube.ide.mcu.externaltools.gnu-tools-for-stm32.9-2020-q2-update.win32_2.0.0.202105311346/tools/bin/../lib/gcc/arm-none-eabi/9.3.1/../../../../arm-none-eabi/lib/thumb/v7-m/nofp\libc_nano.a(lib_a-nano-mallocr.o)
                0x0000000020000090                __malloc_free_list
 .bss.__malloc_sbrk_start
                0x0000000020000094        0x4 c:/st/stm32cubeide_1.7.0/stm32cubeide/plugins/com.st.stm32cube.ide.mcu.externaltools.gnu-tools-for-stm32.9-2020-q2-update.win32_2.0.0.202105311346/tools/bin/../lib/gcc/arm-none-eabi/9.3.1/../../../../arm-none-eabi/lib/thumb/v7-m/nofp\libc_nano.a(lib_a-nano-mallocr.o)
                0x0000000020000094                __malloc_sbrk_start
 *(COMMON)
 COMMON         0x0000000020000098        0x4 ./Drivers/STM32F1xx_HAL_Driver/Src/stm32f1xx_hal.o
                0x0000000020000098                uwTick
 COMMON         0x000000002000009c        0x9 c:/st/stm32cubeide_1.7.0/stm32cubeide/plugins/com.st.stm32cube.ide.mcu.externaltools.gnu-tools-for-stm32.9-2020-q2-update.win32_2.0.0.202105311346/tools/bin/../lib/gcc/arm-none-eabi/9.3.1/../../../../arm-none-eabi/lib/thumb/v7-m/nofp\libc_nano.a(lib_a-lock.o)
                0x000000002000009c                __lock___atexit_recursive_mutex
                0x000000002000009d                __lock___arc4random_mutex
                0x000000002000009e                __lock___env_recursive_mutex
                0x000000002000009f                __lock___sinit_recursive_mutex
                0x00000000200000a0                __lock___malloc_recursive_mutex
                0x00000000200000a1                __lock___at_quick_exit_mutex
                0x00000000200000a2                __lock___dd_hash_mutex
                0x00000000200000a3                __lock___tz_mutex
                0x00000000200000a4                __lock___sfp_recursive_mutex
 *fill*         0x00000000200000a5        0x3 
 COMMON         0x00000000200000a8        0x4 c:/st/stm32cubeide_1.7.0/stm32cubeide/plugins/com.st.stm32cube.ide.mcu.externaltools.gnu-tools-for-stm32.9-2020-q2-update.win32_2.0.0.202105311346/tools/bin/../lib/gcc/arm-none-eabi/9.3.1/../../../../arm-none-eabi/lib/thumb/v7-m/nofp\libc_nano.a(lib_a-reent.o)
                0x00000000200000a8                errno
                0x00000000200000ac                . = ALIGN (0x4)
                0x00000000200000ac                _ebss = .
                0x00000000200000ac                __bss_end__ = _ebss

._user_heap_stack
                0x00000000200000ac      0x604 load address 0x00000000080029d0
                0x00000000200000b0                . = ALIGN (0x8)
 *fill*         0x00000000200000ac        0x4 
                [!provide]                        PROVIDE (end = .)
                0x00000000200000b0                PROVIDE (_end = .)
                0x00000000200002b0                . = (. + _Min_Heap_Size)
 *fill*         0x00000000200000b0      0x200 
                0x00000000200006b0                . = (. + _Min_Stack_Size)
 *fill*         0x00000000200002b0      0x400 
                0x00000000200006b0                . = ALIGN (0x8)

/DISCARD/
 libc.a(*)
 libm.a(*)
 libgcc.a(*)

.ARM.attributes
                0x0000000000000000       0x29
 *(.ARM.attributes)
 .ARM.attributes
                0x0000000000000000       0x1d c:/st/stm32cubeide_1.7.0/stm32cubeide/plugins/com.st.stm32cube.ide.mcu.externaltools.gnu-tools-for-stm32.9-2020-q2-update.win32_2.0.0.202105311346/tools/bin/../lib/gcc/arm-none-eabi/9.3.1/thumb/v7-m/nofp/crti.o
 .ARM.attributes
                0x000000000000001d       0x2d c:/st/stm32cubeide_1.7.0/stm32cubeide/plugins/com.st.stm32cube.ide.mcu.externaltools.gnu-tools-for-stm32.9-2020-q2-update.win32_2.0.0.202105311346/tools/bin/../lib/gcc/arm-none-eabi/9.3.1/thumb/v7-m/nofp/crtbegin.o
 .ARM.attributes
                0x000000000000004a       0x2d ./Core/Src/main.o
 .ARM.attributes
                0x0000000000000077       0x2d ./Core/Src/stm32f1xx_hal_msp.o
 .ARM.attributes
                0x00000000000000a4       0x2d ./Core/Src/stm32f1xx_it.o
 .ARM.attributes
                0x00000000000000d1       0x2d ./Core/Src/syscalls.o
 .ARM.attributes
                0x00000000000000fe       0x2d ./Core/Src/sysmem.o
 .ARM.attributes
                0x000000000000012b       0x2d ./Core/Src/system_stm32f1xx.o
 .ARM.attributes
                0x0000000000000158       0x21 ./Core/Startup/startup_stm32f103c6ux.o
 .ARM.attributes
                0x0000000000000179       0x2d ./Drivers/STM32F1xx_HAL_Driver/Src/stm32f1xx_hal.o
 .ARM.attributes
                0x00000000000001a6       0x2d ./Drivers/STM32F1xx_HAL_Driver/Src/stm32f1xx_hal_cortex.o
 .ARM.attributes
                0x00000000000001d3       0x2d ./Drivers/STM32F1xx_HAL_Driver/Src/stm32f1xx_hal_gpio.o
 .ARM.attributes
                0x0000000000000200       0x2d ./Drivers/STM32F1xx_HAL_Driver/Src/stm32f1xx_hal_rcc.o
 .ARM.attributes
                0x000000000000022d       0x2d c:/st/stm32cubeide_1.7.0/stm32cubeide/plugins/com.st.stm32cube.ide.mcu.externaltools.gnu-tools-for-stm32.9-2020-q2-update.win32_2.0.0.202105311346/tools/bin/../lib/gcc/arm-none-eabi/9.3.1/../../../../arm-none-eabi/lib/thumb/v7-m/nofp\libc_nano.a(lib_a-errno.o)
 .ARM.attributes
                0x000000000000025a       0x2d c:/st/stm32cubeide_1.7.0/stm32cubeide/plugins/com.st.stm32cube.ide.mcu.externaltools.gnu-tools-for-stm32.9-2020-q2-update.win32_2.0.0.202105311346/tools/bin/../lib/gcc/arm-none-eabi/9.3.1/../../../../arm-none-eabi/lib/thumb/v7-m/nofp\libc_nano.a(lib_a-impure.o)
 .ARM.attributes
                0x0000000000000287       0x2d c:/st/stm32cubeide_1.7.0/stm32cubeide/plugins/com.st.stm32cube.ide.mcu.externaltools.gnu-tools-for-stm32.9-2020-q2-update.win32_2.0.0.202105311346/tools/bin/../lib/gcc/arm-none-eabi/9.3.1/../../../../arm-none-eabi/lib/thumb/v7-m/nofp\libc_nano.a(lib_a-init.o)
 .ARM.attributes
                0x00000000000002b4       0x2d c:/st/stm32cubeide_1.7.0/stm32cubeide/plugins/com.st.stm32cube.ide.mcu.externaltools.gnu-tools-for-stm32.9-2020-q2-update.win32_2.0.0.202105311346/tools/bin/../lib/gcc/arm-none-eabi/9.3.1/../../../../arm-none-eabi/lib/thumb/v7-m/nofp\libc_nano.a(lib_a-memset.o)
 .ARM.attributes
                0x00000000000002e1       0x2d c:/st/stm32cubeide_1.7.0/stm32cubeide/plugins/com.st.stm32cube.ide.mcu.externaltools.gnu-tools-for-stm32.9-2020-q2-update.win32_2.0.0.202105311346/tools/bin/../lib/gcc/arm-none-eabi/9.3.1/../../../../arm-none-eabi/lib/thumb/v7-m/nofp\libc_nano.a(lib_a-scanf.o)
 .ARM.attributes
                0x000000000000030e       0x2d c:/st/stm32cubeide_1.7.0/stm32cubeide/plugins/com.st.stm32cube.ide.mcu.externaltools.gnu-tools-for-stm32.9-2020-q2-update.win32_2.0.0.202105311346/tools/bin/../lib/gcc/arm-none-eabi/9.3.1/../../../../arm-none-eabi/lib/thumb/v7-m/nofp\libc_nano.a(lib_a-findfp.o)
 .ARM.attributes
                0x000000000000033b       0x2d c:/st/stm32cubeide_1.7.0/stm32cubeide/plugins/com.st.stm32cube.ide.mcu.externaltools.gnu-tools-for-stm32.9-2020-q2-update.win32_2.0.0.202105311346/tools/bin/../lib/gcc/arm-none-eabi/9.3.1/../../../../arm-none-eabi/lib/thumb/v7-m/nofp\libc_nano.a(lib_a-fwalk.o)
 .ARM.attributes
                0x0000000000000368       0x2d c:/st/stm32cubeide_1.7.0/stm32cubeide/plugins/com.st.stm32cube.ide.mcu.externaltools.gnu-tools-for-stm32.9-2020-q2-update.win32_2.0.0.202105311346/tools/bin/../lib/gcc/arm-none-eabi/9.3.1/../../../../arm-none-eabi/lib/thumb/v7-m/nofp\libc_nano.a(lib_a-lock.o)
 .ARM.attributes
                0x0000000000000395       0x2d c:/st/stm32cubeide_1.7.0/stm32cubeide/plugins/com.st.stm32cube.ide.mcu.externaltools.gnu-tools-for-stm32.9-2020-q2-update.win32_2.0.0.202105311346/tools/bin/../lib/gcc/arm-none-eabi/9.3.1/../../../../arm-none-eabi/lib/thumb/v7-m/nofp\libc_nano.a(lib_a-nano-mallocr.o)
 .ARM.attributes
                0x00000000000003c2       0x2d c:/st/stm32cubeide_1.7.0/stm32cubeide/plugins/com.st.stm32cube.ide.mcu.externaltools.gnu-tools-for-stm32.9-2020-q2-update.win32_2.0.0.202105311346/tools/bin/../lib/gcc/arm-none-eabi/9.3.1/../../../../arm-none-eabi/lib/thumb/v7-m/nofp\libc_nano.a(lib_a-nano-vfscanf.o)
 .ARM.attributes
                0x00000000000003ef       0x2d c:/st/stm32cubeide_1.7.0/stm32cubeide/plugins/com.st.stm32cube.ide.mcu.externaltools.gnu-tools-for-stm32.9-2020-q2-update.win32_2.0.0.202105311346/tools/bin/../lib/gcc/arm-none-eabi/9.3.1/../../../../arm-none-eabi/lib/thumb/v7-m/nofp\libc_nano.a(lib_a-nano-vfscanf_i.o)
 .ARM.attributes
                0x000000000000041c       0x2d c:/st/stm32cubeide_1.7.0/stm32cubeide/plugins/com.st.stm32cube.ide.mcu.externaltools.gnu-tools-for-stm32.9-2020-q2-update.win32_2.0.0.202105311346/tools/bin/../lib/gcc/arm-none-eabi/9.3.1/../../../../arm-none-eabi/lib/thumb/v7-m/nofp\libc_nano.a(lib_a-refill.o)
 .ARM.attributes
                0x0000000000000449       0x2d c:/st/stm32cubeide_1.7.0/stm32cubeide/plugins/com.st.stm32cube.ide.mcu.externaltools.gnu-tools-for-stm32.9-2020-q2-update.win32_2.0.0.202105311346/tools/bin/../lib/gcc/arm-none-eabi/9.3.1/../../../../arm-none-eabi/lib/thumb/v7-m/nofp\libc_nano.a(lib_a-sbrkr.o)
 .ARM.attributes
                0x0000000000000476       0x2d c:/st/stm32cubeide_1.7.0/stm32cubeide/plugins/com.st.stm32cube.ide.mcu.externaltools.gnu-tools-for-stm32.9-2020-q2-update.win32_2.0.0.202105311346/tools/bin/../lib/gcc/arm-none-eabi/9.3.1/../../../../arm-none-eabi/lib/thumb/v7-m/nofp\libc_nano.a(lib_a-sccl.o)
 .ARM.attributes
                0x00000000000004a3       0x2d c:/st/stm32cubeide_1.7.0/stm32cubeide/plugins/com.st.stm32cube.ide.mcu.externaltools.gnu-tools-for-stm32.9-2020-q2-update.win32_2.0.0.202105311346/tools/bin/../lib/gcc/arm-none-eabi/9.3.1/../../../../arm-none-eabi/lib/thumb/v7-m/nofp\libc_nano.a(lib_a-stdio.o)
 .ARM.attributes
                0x00000000000004d0       0x2d c:/st/stm32cubeide_1.7.0/stm32cubeide/plugins/com.st.stm32cube.ide.mcu.externaltools.gnu-tools-for-stm32.9-2020-q2-update.win32_2.0.0.202105311346/tools/bin/../lib/gcc/arm-none-eabi/9.3.1/../../../../arm-none-eabi/lib/thumb/v7-m/nofp\libc_nano.a(lib_a-strtol.o)
 .ARM.attributes
                0x00000000000004fd       0x2d c:/st/stm32cubeide_1.7.0/stm32cubeide/plugins/com.st.stm32cube.ide.mcu.externaltools.gnu-tools-for-stm32.9-2020-q2-update.win32_2.0.0.202105311346/tools/bin/../lib/gcc/arm-none-eabi/9.3.1/../../../../arm-none-eabi/lib/thumb/v7-m/nofp\libc_nano.a(lib_a-strtoul.o)
 .ARM.attributes
                0x000000000000052a       0x2d c:/st/stm32cubeide_1.7.0/stm32cubeide/plugins/com.st.stm32cube.ide.mcu.externaltools.gnu-tools-for-stm32.9-2020-q2-update.win32_2.0.0.202105311346/tools/bin/../lib/gcc/arm-none-eabi/9.3.1/../../../../arm-none-eabi/lib/thumb/v7-m/nofp\libc_nano.a(lib_a-ungetc.o)
 .ARM.attributes
                0x0000000000000557       0x2d c:/st/stm32cubeide_1.7.0/stm32cubeide/plugins/com.st.stm32cube.ide.mcu.externaltools.gnu-tools-for-stm32.9-2020-q2-update.win32_2.0.0.202105311346/tools/bin/../lib/gcc/arm-none-eabi/9.3.1/../../../../arm-none-eabi/lib/thumb/v7-m/nofp\libc_nano.a(lib_a-writer.o)
 .ARM.attributes
                0x0000000000000584       0x2d c:/st/stm32cubeide_1.7.0/stm32cubeide/plugins/com.st.stm32cube.ide.mcu.externaltools.gnu-tools-for-stm32.9-2020-q2-update.win32_2.0.0.202105311346/tools/bin/../lib/gcc/arm-none-eabi/9.3.1/../../../../arm-none-eabi/lib/thumb/v7-m/nofp\libc_nano.a(lib_a-closer.o)
 .ARM.attributes
                0x00000000000005b1       0x2d c:/st/stm32cubeide_1.7.0/stm32cubeide/plugins/com.st.stm32cube.ide.mcu.externaltools.gnu-tools-for-stm32.9-2020-q2-update.win32_2.0.0.202105311346/tools/bin/../lib/gcc/arm-none-eabi/9.3.1/../../../../arm-none-eabi/lib/thumb/v7-m/nofp\libc_nano.a(lib_a-ctype_.o)
 .ARM.attributes
                0x00000000000005de       0x2d c:/st/stm32cubeide_1.7.0/stm32cubeide/plugins/com.st.stm32cube.ide.mcu.externaltools.gnu-tools-for-stm32.9-2020-q2-update.win32_2.0.0.202105311346/tools/bin/../lib/gcc/arm-none-eabi/9.3.1/../../../../arm-none-eabi/lib/thumb/v7-m/nofp\libc_nano.a(lib_a-fflush.o)
 .ARM.attributes
                0x000000000000060b       0x2d c:/st/stm32cubeide_1.7.0/stm32cubeide/plugins/com.st.stm32cube.ide.mcu.externaltools.gnu-tools-for-stm32.9-2020-q2-update.win32_2.0.0.202105311346/tools/bin/../lib/gcc/arm-none-eabi/9.3.1/../../../../arm-none-eabi/lib/thumb/v7-m/nofp\libc_nano.a(lib_a-lseekr.o)
 .ARM.attributes
                0x0000000000000638       0x2d c:/st/stm32cubeide_1.7.0/stm32cubeide/plugins/com.st.stm32cube.ide.mcu.externaltools.gnu-tools-for-stm32.9-2020-q2-update.win32_2.0.0.202105311346/tools/bin/../lib/gcc/arm-none-eabi/9.3.1/../../../../arm-none-eabi/lib/thumb/v7-m/nofp\libc_nano.a(lib_a-makebuf.o)
 .ARM.attributes
                0x0000000000000665       0x2d c:/st/stm32cubeide_1.7.0/stm32cubeide/plugins/com.st.stm32cube.ide.mcu.externaltools.gnu-tools-for-stm32.9-2020-q2-update.win32_2.0.0.202105311346/tools/bin/../lib/gcc/arm-none-eabi/9.3.1/../../../../arm-none-eabi/lib/thumb/v7-m/nofp\libc_nano.a(lib_a-memchr-stub.o)
 .ARM.attributes
                0x0000000000000692       0x2d c:/st/stm32cubeide_1.7.0/stm32cubeide/plugins/com.st.stm32cube.ide.mcu.externaltools.gnu-tools-for-stm32.9-2020-q2-update.win32_2.0.0.202105311346/tools/bin/../lib/gcc/arm-none-eabi/9.3.1/../../../../arm-none-eabi/lib/thumb/v7-m/nofp\libc_nano.a(lib_a-memcpy-stub.o)
 .ARM.attributes
                0x00000000000006bf       0x2d c:/st/stm32cubeide_1.7.0/stm32cubeide/plugins/com.st.stm32cube.ide.mcu.externaltools.gnu-tools-for-stm32.9-2020-q2-update.win32_2.0.0.202105311346/tools/bin/../lib/gcc/arm-none-eabi/9.3.1/../../../../arm-none-eabi/lib/thumb/v7-m/nofp\libc_nano.a(lib_a-mlock.o)
 .ARM.attributes
                0x00000000000006ec       0x2d c:/st/stm32cubeide_1.7.0/stm32cubeide/plugins/com.st.stm32cube.ide.mcu.externaltools.gnu-tools-for-stm32.9-2020-q2-update.win32_2.0.0.202105311346/tools/bin/../lib/gcc/arm-none-eabi/9.3.1/../../../../arm-none-eabi/lib/thumb/v7-m/nofp\libc_nano.a(lib_a-nano-freer.o)
 .ARM.attributes
                0x0000000000000719       0x2d c:/st/stm32cubeide_1.7.0/stm32cubeide/plugins/com.st.stm32cube.ide.mcu.externaltools.gnu-tools-for-stm32.9-2020-q2-update.win32_2.0.0.202105311346/tools/bin/../lib/gcc/arm-none-eabi/9.3.1/../../../../arm-none-eabi/lib/thumb/v7-m/nofp\libc_nano.a(lib_a-nano-reallocr.o)
 .ARM.attributes
                0x0000000000000746       0x2d c:/st/stm32cubeide_1.7.0/stm32cubeide/plugins/com.st.stm32cube.ide.mcu.externaltools.gnu-tools-for-stm32.9-2020-q2-update.win32_2.0.0.202105311346/tools/bin/../lib/gcc/arm-none-eabi/9.3.1/../../../../arm-none-eabi/lib/thumb/v7-m/nofp\libc_nano.a(lib_a-readr.o)
 .ARM.attributes
                0x0000000000000773       0x2d c:/st/stm32cubeide_1.7.0/stm32cubeide/plugins/com.st.stm32cube.ide.mcu.externaltools.gnu-tools-for-stm32.9-2020-q2-update.win32_2.0.0.202105311346/tools/bin/../lib/gcc/arm-none-eabi/9.3.1/../../../../arm-none-eabi/lib/thumb/v7-m/nofp\libc_nano.a(lib_a-reent.o)
 .ARM.attributes
                0x00000000000007a0       0x2d c:/st/stm32cubeide_1.7.0/stm32cubeide/plugins/com.st.stm32cube.ide.mcu.externaltools.gnu-tools-for-stm32.9-2020-q2-update.win32_2.0.0.202105311346/tools/bin/../lib/gcc/arm-none-eabi/9.3.1/../../../../arm-none-eabi/lib/thumb/v7-m/nofp\libc_nano.a(lib_a-fstatr.o)
 .ARM.attributes
                0x00000000000007cd       0x2d c:/st/stm32cubeide_1.7.0/stm32cubeide/plugins/com.st.stm32cube.ide.mcu.externaltools.gnu-tools-for-stm32.9-2020-q2-update.win32_2.0.0.202105311346/tools/bin/../lib/gcc/arm-none-eabi/9.3.1/../../../../arm-none-eabi/lib/thumb/v7-m/nofp\libc_nano.a(lib_a-isattyr.o)
 .ARM.attributes
                0x00000000000007fa       0x2d c:/st/stm32cubeide_1.7.0/stm32cubeide/plugins/com.st.stm32cube.ide.mcu.externaltools.gnu-tools-for-stm32.9-2020-q2-update.win32_2.0.0.202105311346/tools/bin/../lib/gcc/arm-none-eabi/9.3.1/../../../../arm-none-eabi/lib/thumb/v7-m/nofp\libc_nano.a(lib_a-nano-msizer.o)
 .ARM.attributes
                0x0000000000000827       0x1d c:/st/stm32cubeide_1.7.0/stm32cubeide/plugins/com.st.stm32cube.ide.mcu.externaltools.gnu-tools-for-stm32.9-2020-q2-update.win32_2.0.0.202105311346/tools/bin/../lib/gcc/arm-none-eabi/9.3.1/thumb/v7-m/nofp/crtn.o
OUTPUT(LAB_1.elf elf32-littlearm)
LOAD linker stubs
LOAD c:/st/stm32cubeide_1.7.0/stm32cubeide/plugins/com.st.stm32cube.ide.mcu.externaltools.gnu-tools-for-stm32.9-2020-q2-update.win32_2.0.0.202105311346/tools/bin/../lib/gcc/arm-none-eabi/9.3.1/../../../../arm-none-eabi/lib/thumb/v7-m/nofp\libc.a
LOAD c:/st/stm32cubeide_1.7.0/stm32cubeide/plugins/com.st.stm32cube.ide.mcu.externaltools.gnu-tools-for-stm32.9-2020-q2-update.win32_2.0.0.202105311346/tools/bin/../lib/gcc/arm-none-eabi/9.3.1/../../../../arm-none-eabi/lib/thumb/v7-m/nofp\libm.a
LOAD c:/st/stm32cubeide_1.7.0/stm32cubeide/plugins/com.st.stm32cube.ide.mcu.externaltools.gnu-tools-for-stm32.9-2020-q2-update.win32_2.0.0.202105311346/tools/bin/../lib/gcc/arm-none-eabi/9.3.1/thumb/v7-m/nofp\libgcc.a

.debug_info     0x0000000000000000     0x4a00
 .debug_info    0x0000000000000000      0x597 ./Core/Src/main.o
 .debug_info    0x0000000000000597      0x2fc ./Core/Src/stm32f1xx_hal_msp.o
 .debug_info    0x0000000000000893      0x222 ./Core/Src/stm32f1xx_it.o
 .debug_info    0x0000000000000ab5      0xfa8 ./Core/Src/syscalls.o
 .debug_info    0x0000000000001a5d      0xa25 ./Core/Src/sysmem.o
 .debug_info    0x0000000000002482      0x2be ./Core/Src/system_stm32f1xx.o
 .debug_info    0x0000000000002740       0x22 ./Core/Startup/startup_stm32f103c6ux.o
 .debug_info    0x0000000000002762      0x74c ./Drivers/STM32F1xx_HAL_Driver/Src/stm32f1xx_hal.o
 .debug_info    0x0000000000002eae      0xbbe ./Drivers/STM32F1xx_HAL_Driver/Src/stm32f1xx_hal_cortex.o
 .debug_info    0x0000000000003a6c      0x701 ./Drivers/STM32F1xx_HAL_Driver/Src/stm32f1xx_hal_gpio.o
 .debug_info    0x000000000000416d      0x893 ./Drivers/STM32F1xx_HAL_Driver/Src/stm32f1xx_hal_rcc.o

.debug_abbrev   0x0000000000000000     0x1319
 .debug_abbrev  0x0000000000000000      0x22a ./Core/Src/main.o
 .debug_abbrev  0x000000000000022a      0x11d ./Core/Src/stm32f1xx_hal_msp.o
 .debug_abbrev  0x0000000000000347       0xd2 ./Core/Src/stm32f1xx_it.o
 .debug_abbrev  0x0000000000000419      0x286 ./Core/Src/syscalls.o
 .debug_abbrev  0x000000000000069f      0x1bf ./Core/Src/sysmem.o
 .debug_abbrev  0x000000000000085e      0x14e ./Core/Src/system_stm32f1xx.o
 .debug_abbrev  0x00000000000009ac       0x12 ./Core/Startup/startup_stm32f103c6ux.o
 .debug_abbrev  0x00000000000009be      0x1ed ./Drivers/STM32F1xx_HAL_Driver/Src/stm32f1xx_hal.o
 .debug_abbrev  0x0000000000000bab      0x313 ./Drivers/STM32F1xx_HAL_Driver/Src/stm32f1xx_hal_cortex.o
 .debug_abbrev  0x0000000000000ebe      0x1e8 ./Drivers/STM32F1xx_HAL_Driver/Src/stm32f1xx_hal_gpio.o
 .debug_abbrev  0x00000000000010a6      0x273 ./Drivers/STM32F1xx_HAL_Driver/Src/stm32f1xx_hal_rcc.o

.debug_aranges  0x0000000000000000      0x4a0
 .debug_aranges
                0x0000000000000000       0x40 ./Core/Src/main.o
 .debug_aranges
                0x0000000000000040       0x20 ./Core/Src/stm32f1xx_hal_msp.o
 .debug_aranges
                0x0000000000000060       0x60 ./Core/Src/stm32f1xx_it.o
 .debug_aranges
                0x00000000000000c0       0xa8 ./Core/Src/syscalls.o
 .debug_aranges
                0x0000000000000168       0x20 ./Core/Src/sysmem.o
 .debug_aranges
                0x0000000000000188       0x28 ./Core/Src/system_stm32f1xx.o
 .debug_aranges
                0x00000000000001b0       0x28 ./Core/Startup/startup_stm32f103c6ux.o
 .debug_aranges
                0x00000000000001d8       0xe0 ./Drivers/STM32F1xx_HAL_Driver/Src/stm32f1xx_hal.o
 .debug_aranges
                0x00000000000002b8      0x100 ./Drivers/STM32F1xx_HAL_Driver/Src/stm32f1xx_hal_cortex.o
 .debug_aranges
                0x00000000000003b8       0x58 ./Drivers/STM32F1xx_HAL_Driver/Src/stm32f1xx_hal_gpio.o
 .debug_aranges
                0x0000000000000410       0x90 ./Drivers/STM32F1xx_HAL_Driver/Src/stm32f1xx_hal_rcc.o

.debug_ranges   0x0000000000000000      0x3f8
 .debug_ranges  0x0000000000000000       0x30 ./Core/Src/main.o
 .debug_ranges  0x0000000000000030       0x10 ./Core/Src/stm32f1xx_hal_msp.o
 .debug_ranges  0x0000000000000040       0x50 ./Core/Src/stm32f1xx_it.o
 .debug_ranges  0x0000000000000090       0x98 ./Core/Src/syscalls.o
 .debug_ranges  0x0000000000000128       0x10 ./Core/Src/sysmem.o
 .debug_ranges  0x0000000000000138       0x18 ./Core/Src/system_stm32f1xx.o
 .debug_ranges  0x0000000000000150       0x20 ./Core/Startup/startup_stm32f103c6ux.o
 .debug_ranges  0x0000000000000170       0xd0 ./Drivers/STM32F1xx_HAL_Driver/Src/stm32f1xx_hal.o
 .debug_ranges  0x0000000000000240       0xf0 ./Drivers/STM32F1xx_HAL_Driver/Src/stm32f1xx_hal_cortex.o
 .debug_ranges  0x0000000000000330       0x48 ./Drivers/STM32F1xx_HAL_Driver/Src/stm32f1xx_hal_gpio.o
 .debug_ranges  0x0000000000000378       0x80 ./Drivers/STM32F1xx_HAL_Driver/Src/stm32f1xx_hal_rcc.o

.debug_macro    0x0000000000000000    0x16d84
 .debug_macro   0x0000000000000000      0x191 ./Core/Src/main.o
 .debug_macro   0x0000000000000191      0xa9c ./Core/Src/main.o
 .debug_macro   0x0000000000000c2d      0x20f ./Core/Src/main.o
 .debug_macro   0x0000000000000e3c       0x2e ./Core/Src/main.o
 .debug_macro   0x0000000000000e6a       0x22 ./Core/Src/main.o
 .debug_macro   0x0000000000000e8c       0x22 ./Core/Src/main.o
 .debug_macro   0x0000000000000eae       0x8e ./Core/Src/main.o
 .debug_macro   0x0000000000000f3c       0x51 ./Core/Src/main.o
 .debug_macro   0x0000000000000f8d      0x103 ./Core/Src/main.o
 .debug_macro   0x0000000000001090       0x6a ./Core/Src/main.o
 .debug_macro   0x00000000000010fa      0x1df ./Core/Src/main.o
 .debug_macro   0x00000000000012d9       0x1c ./Core/Src/main.o
 .debug_macro   0x00000000000012f5       0x22 ./Core/Src/main.o
 .debug_macro   0x0000000000001317       0xc3 ./Core/Src/main.o
 .debug_macro   0x00000000000013da      0xd23 ./Core/Src/main.o
 .debug_macro   0x00000000000020fd     0xde75 ./Core/Src/main.o
 .debug_macro   0x000000000000ff72       0x6d ./Core/Src/main.o
 .debug_macro   0x000000000000ffdf     0x34a2 ./Core/Src/main.o
 .debug_macro   0x0000000000013481      0x174 ./Core/Src/main.o
 .debug_macro   0x00000000000135f5       0x5c ./Core/Src/main.o
 .debug_macro   0x0000000000013651      0x5bc ./Core/Src/main.o
 .debug_macro   0x0000000000013c0d      0x1b7 ./Core/Src/main.o
 .debug_macro   0x0000000000013dc4      0x1cb ./Core/Src/main.o
 .debug_macro   0x0000000000013f8f      0x114 ./Core/Src/main.o
 .debug_macro   0x00000000000140a3      0x1b2 ./Core/Src/main.o
 .debug_macro   0x0000000000014255       0x27 ./Core/Src/main.o
 .debug_macro   0x000000000001427c      0x12f ./Core/Src/main.o
 .debug_macro   0x00000000000143ab      0x1bc ./Core/Src/main.o
 .debug_macro   0x0000000000014567       0x34 ./Core/Src/main.o
 .debug_macro   0x000000000001459b       0x3c ./Core/Src/main.o
 .debug_macro   0x00000000000145d7       0x57 ./Core/Src/main.o
 .debug_macro   0x000000000001462e       0x87 ./Core/Src/main.o
 .debug_macro   0x00000000000146b5      0x183 ./Core/Src/main.o
 .debug_macro   0x0000000000014838      0x140 ./Core/Src/main.o
 .debug_macro   0x0000000000014978       0x69 ./Core/Src/main.o
 .debug_macro   0x00000000000149e1       0x94 ./Core/Src/main.o
 .debug_macro   0x0000000000014a75      0x191 ./Core/Src/stm32f1xx_hal_msp.o
 .debug_macro   0x0000000000014c06      0x19b ./Core/Src/stm32f1xx_it.o
 .debug_macro   0x0000000000014da1      0x24c ./Core/Src/syscalls.o
 .debug_macro   0x0000000000014fed       0x4c ./Core/Src/syscalls.o
 .debug_macro   0x0000000000015039       0x18 ./Core/Src/syscalls.o
 .debug_macro   0x0000000000015051       0x94 ./Core/Src/syscalls.o
 .debug_macro   0x00000000000150e5       0x3c ./Core/Src/syscalls.o
 .debug_macro   0x0000000000015121       0x34 ./Core/Src/syscalls.o
 .debug_macro   0x0000000000015155       0x57 ./Core/Src/syscalls.o
 .debug_macro   0x00000000000151ac      0x339 ./Core/Src/syscalls.o
 .debug_macro   0x00000000000154e5       0x16 ./Core/Src/syscalls.o
 .debug_macro   0x00000000000154fb       0x43 ./Core/Src/syscalls.o
 .debug_macro   0x000000000001553e       0x34 ./Core/Src/syscalls.o
 .debug_macro   0x0000000000015572       0x10 ./Core/Src/syscalls.o
 .debug_macro   0x0000000000015582       0x58 ./Core/Src/syscalls.o
 .debug_macro   0x00000000000155da       0x71 ./Core/Src/syscalls.o
 .debug_macro   0x000000000001564b       0x1c ./Core/Src/syscalls.o
 .debug_macro   0x0000000000015667      0x12a ./Core/Src/syscalls.o
 .debug_macro   0x0000000000015791       0x10 ./Core/Src/syscalls.o
 .debug_macro   0x00000000000157a1       0x35 ./Core/Src/syscalls.o
 .debug_macro   0x00000000000157d6       0x10 ./Core/Src/syscalls.o
 .debug_macro   0x00000000000157e6       0x10 ./Core/Src/syscalls.o
 .debug_macro   0x00000000000157f6       0x10 ./Core/Src/syscalls.o
 .debug_macro   0x0000000000015806       0x1c ./Core/Src/syscalls.o
 .debug_macro   0x0000000000015822       0x52 ./Core/Src/syscalls.o
 .debug_macro   0x0000000000015874       0x22 ./Core/Src/syscalls.o
 .debug_macro   0x0000000000015896       0x10 ./Core/Src/syscalls.o
 .debug_macro   0x00000000000158a6       0x40 ./Core/Src/syscalls.o
 .debug_macro   0x00000000000158e6       0xd5 ./Core/Src/syscalls.o
 .debug_macro   0x00000000000159bb       0x1c ./Core/Src/syscalls.o
 .debug_macro   0x00000000000159d7       0x3d ./Core/Src/syscalls.o
 .debug_macro   0x0000000000015a14       0x35 ./Core/Src/syscalls.o
 .debug_macro   0x0000000000015a49      0x12c ./Core/Src/syscalls.o
 .debug_macro   0x0000000000015b75       0x16 ./Core/Src/syscalls.o
 .debug_macro   0x0000000000015b8b       0x16 ./Core/Src/syscalls.o
 .debug_macro   0x0000000000015ba1       0x29 ./Core/Src/syscalls.o
 .debug_macro   0x0000000000015bca       0x10 ./Core/Src/syscalls.o
 .debug_macro   0x0000000000015bda      0x241 ./Core/Src/syscalls.o
 .debug_macro   0x0000000000015e1b       0x1c ./Core/Src/syscalls.o
 .debug_macro   0x0000000000015e37       0x10 ./Core/Src/syscalls.o
 .debug_macro   0x0000000000015e47       0x10 ./Core/Src/syscalls.o
 .debug_macro   0x0000000000015e57       0x16 ./Core/Src/syscalls.o
 .debug_macro   0x0000000000015e6d      0x145 ./Core/Src/syscalls.o
 .debug_macro   0x0000000000015fb2      0x189 ./Core/Src/syscalls.o
 .debug_macro   0x000000000001613b       0x16 ./Core/Src/syscalls.o
 .debug_macro   0x0000000000016151       0xce ./Core/Src/syscalls.o
 .debug_macro   0x000000000001621f       0xff ./Core/Src/sysmem.o
 .debug_macro   0x000000000001631e      0x23b ./Core/Src/sysmem.o
 .debug_macro   0x0000000000016559      0x182 ./Core/Src/system_stm32f1xx.o
 .debug_macro   0x00000000000166db      0x1a6 ./Drivers/STM32F1xx_HAL_Driver/Src/stm32f1xx_hal.o
 .debug_macro   0x0000000000016881      0x182 ./Drivers/STM32F1xx_HAL_Driver/Src/stm32f1xx_hal_cortex.o
 .debug_macro   0x0000000000016a03      0x1ed ./Drivers/STM32F1xx_HAL_Driver/Src/stm32f1xx_hal_gpio.o
 .debug_macro   0x0000000000016bf0      0x194 ./Drivers/STM32F1xx_HAL_Driver/Src/stm32f1xx_hal_rcc.o

.debug_line     0x0000000000000000     0x5273
 .debug_line    0x0000000000000000      0x723 ./Core/Src/main.o
 .debug_line    0x0000000000000723      0x635 ./Core/Src/stm32f1xx_hal_msp.o
 .debug_line    0x0000000000000d58      0x6f6 ./Core/Src/stm32f1xx_it.o
 .debug_line    0x000000000000144e      0x802 ./Core/Src/syscalls.o
 .debug_line    0x0000000000001c50      0x4f8 ./Core/Src/sysmem.o
 .debug_line    0x0000000000002148      0x6b2 ./Core/Src/system_stm32f1xx.o
 .debug_line    0x00000000000027fa       0x86 ./Core/Startup/startup_stm32f103c6ux.o
 .debug_line    0x0000000000002880      0x8df ./Drivers/STM32F1xx_HAL_Driver/Src/stm32f1xx_hal.o
 .debug_line    0x000000000000315f      0xac7 ./Drivers/STM32F1xx_HAL_Driver/Src/stm32f1xx_hal_cortex.o
 .debug_line    0x0000000000003c26      0x962 ./Drivers/STM32F1xx_HAL_Driver/Src/stm32f1xx_hal_gpio.o
 .debug_line    0x0000000000004588      0xceb ./Drivers/STM32F1xx_HAL_Driver/Src/stm32f1xx_hal_rcc.o

.debug_str      0x0000000000000000    0x7f1f4
 .debug_str     0x0000000000000000    0x78ab8 ./Core/Src/main.o
                                      0x78e0b (size before relaxing)
 .debug_str     0x0000000000078ab8       0x5a ./Core/Src/stm32f1xx_hal_msp.o
                                      0x78c3f (size before relaxing)
 .debug_str     0x0000000000078b12       0xbd ./Core/Src/stm32f1xx_it.o
                                      0x78c5c (size before relaxing)
 .debug_str     0x0000000000078bcf     0x5796 ./Core/Src/syscalls.o
                                       0x8e72 (size before relaxing)
 .debug_str     0x000000000007e365       0x6b ./Core/Src/sysmem.o
                                       0x6245 (size before relaxing)
 .debug_str     0x000000000007e3d0       0x52 ./Core/Src/system_stm32f1xx.o
                                      0x78a1c (size before relaxing)
 .debug_str     0x000000000007e422       0x36 ./Core/Startup/startup_stm32f103c6ux.o
                                         0x59 (size before relaxing)
 .debug_str     0x000000000007e458      0x529 ./Drivers/STM32F1xx_HAL_Driver/Src/stm32f1xx_hal.o
                                      0x79073 (size before relaxing)
 .debug_str     0x000000000007e981      0x300 ./Drivers/STM32F1xx_HAL_Driver/Src/stm32f1xx_hal_cortex.o
                                      0x7907b (size before relaxing)
 .debug_str     0x000000000007ec81      0x324 ./Drivers/STM32F1xx_HAL_Driver/Src/stm32f1xx_hal_gpio.o
                                      0x78de0 (size before relaxing)
 .debug_str     0x000000000007efa5      0x24f ./Drivers/STM32F1xx_HAL_Driver/Src/stm32f1xx_hal_rcc.o
                                      0x78e19 (size before relaxing)

.comment        0x0000000000000000       0x53
 .comment       0x0000000000000000       0x53 ./Core/Src/main.o
                                         0x54 (size before relaxing)
 .comment       0x0000000000000053       0x54 ./Core/Src/stm32f1xx_hal_msp.o
 .comment       0x0000000000000053       0x54 ./Core/Src/stm32f1xx_it.o
 .comment       0x0000000000000053       0x54 ./Core/Src/syscalls.o
 .comment       0x0000000000000053       0x54 ./Core/Src/sysmem.o
 .comment       0x0000000000000053       0x54 ./Core/Src/system_stm32f1xx.o
 .comment       0x0000000000000053       0x54 ./Drivers/STM32F1xx_HAL_Driver/Src/stm32f1xx_hal.o
 .comment       0x0000000000000053       0x54 ./Drivers/STM32F1xx_HAL_Driver/Src/stm32f1xx_hal_cortex.o
 .comment       0x0000000000000053       0x54 ./Drivers/STM32F1xx_HAL_Driver/Src/stm32f1xx_hal_gpio.o
 .comment       0x0000000000000053       0x54 ./Drivers/STM32F1xx_HAL_Driver/Src/stm32f1xx_hal_rcc.o

.debug_frame    0x0000000000000000     0x19c4
 .debug_frame   0x0000000000000000       0xb4 ./Core/Src/main.o
 .debug_frame   0x00000000000000b4       0x38 ./Core/Src/stm32f1xx_hal_msp.o
 .debug_frame   0x00000000000000ec      0x104 ./Core/Src/stm32f1xx_it.o
 .debug_frame   0x00000000000001f0      0x2ac ./Core/Src/syscalls.o
 .debug_frame   0x000000000000049c       0x34 ./Core/Src/sysmem.o
 .debug_frame   0x00000000000004d0       0x58 ./Core/Src/system_stm32f1xx.o
 .debug_frame   0x0000000000000528      0x334 ./Drivers/STM32F1xx_HAL_Driver/Src/stm32f1xx_hal.o
 .debug_frame   0x000000000000085c      0x428 ./Drivers/STM32F1xx_HAL_Driver/Src/stm32f1xx_hal_cortex.o
 .debug_frame   0x0000000000000c84      0x14c ./Drivers/STM32F1xx_HAL_Driver/Src/stm32f1xx_hal_gpio.o
 .debug_frame   0x0000000000000dd0      0x218 ./Drivers/STM32F1xx_HAL_Driver/Src/stm32f1xx_hal_rcc.o
 .debug_frame   0x0000000000000fe8       0x20 c:/st/stm32cubeide_1.7.0/stm32cubeide/plugins/com.st.stm32cube.ide.mcu.externaltools.gnu-tools-for-stm32.9-2020-q2-update.win32_2.0.0.202105311346/tools/bin/../lib/gcc/arm-none-eabi/9.3.1/../../../../arm-none-eabi/lib/thumb/v7-m/nofp\libc_nano.a(lib_a-errno.o)
 .debug_frame   0x0000000000001008       0x2c c:/st/stm32cubeide_1.7.0/stm32cubeide/plugins/com.st.stm32cube.ide.mcu.externaltools.gnu-tools-for-stm32.9-2020-q2-update.win32_2.0.0.202105311346/tools/bin/../lib/gcc/arm-none-eabi/9.3.1/../../../../arm-none-eabi/lib/thumb/v7-m/nofp\libc_nano.a(lib_a-init.o)
 .debug_frame   0x0000000000001034       0x20 c:/st/stm32cubeide_1.7.0/stm32cubeide/plugins/com.st.stm32cube.ide.mcu.externaltools.gnu-tools-for-stm32.9-2020-q2-update.win32_2.0.0.202105311346/tools/bin/../lib/gcc/arm-none-eabi/9.3.1/../../../../arm-none-eabi/lib/thumb/v7-m/nofp\libc_nano.a(lib_a-memset.o)
 .debug_frame   0x0000000000001054       0x74 c:/st/stm32cubeide_1.7.0/stm32cubeide/plugins/com.st.stm32cube.ide.mcu.externaltools.gnu-tools-for-stm32.9-2020-q2-update.win32_2.0.0.202105311346/tools/bin/../lib/gcc/arm-none-eabi/9.3.1/../../../../arm-none-eabi/lib/thumb/v7-m/nofp\libc_nano.a(lib_a-scanf.o)
 .debug_frame   0x00000000000010c8      0x14c c:/st/stm32cubeide_1.7.0/stm32cubeide/plugins/com.st.stm32cube.ide.mcu.externaltools.gnu-tools-for-stm32.9-2020-q2-update.win32_2.0.0.202105311346/tools/bin/../lib/gcc/arm-none-eabi/9.3.1/../../../../arm-none-eabi/lib/thumb/v7-m/nofp\libc_nano.a(lib_a-findfp.o)
 .debug_frame   0x0000000000001214       0x54 c:/st/stm32cubeide_1.7.0/stm32cubeide/plugins/com.st.stm32cube.ide.mcu.externaltools.gnu-tools-for-stm32.9-2020-q2-update.win32_2.0.0.202105311346/tools/bin/../lib/gcc/arm-none-eabi/9.3.1/../../../../arm-none-eabi/lib/thumb/v7-m/nofp\libc_nano.a(lib_a-fwalk.o)
 .debug_frame   0x0000000000001268       0xb0 c:/st/stm32cubeide_1.7.0/stm32cubeide/plugins/com.st.stm32cube.ide.mcu.externaltools.gnu-tools-for-stm32.9-2020-q2-update.win32_2.0.0.202105311346/tools/bin/../lib/gcc/arm-none-eabi/9.3.1/../../../../arm-none-eabi/lib/thumb/v7-m/nofp\libc_nano.a(lib_a-lock.o)
 .debug_frame   0x0000000000001318       0x30 c:/st/stm32cubeide_1.7.0/stm32cubeide/plugins/com.st.stm32cube.ide.mcu.externaltools.gnu-tools-for-stm32.9-2020-q2-update.win32_2.0.0.202105311346/tools/bin/../lib/gcc/arm-none-eabi/9.3.1/../../../../arm-none-eabi/lib/thumb/v7-m/nofp\libc_nano.a(lib_a-nano-mallocr.o)
 .debug_frame   0x0000000000001348       0xa8 c:/st/stm32cubeide_1.7.0/stm32cubeide/plugins/com.st.stm32cube.ide.mcu.externaltools.gnu-tools-for-stm32.9-2020-q2-update.win32_2.0.0.202105311346/tools/bin/../lib/gcc/arm-none-eabi/9.3.1/../../../../arm-none-eabi/lib/thumb/v7-m/nofp\libc_nano.a(lib_a-nano-vfscanf.o)
 .debug_frame   0x00000000000013f0       0x64 c:/st/stm32cubeide_1.7.0/stm32cubeide/plugins/com.st.stm32cube.ide.mcu.externaltools.gnu-tools-for-stm32.9-2020-q2-update.win32_2.0.0.202105311346/tools/bin/../lib/gcc/arm-none-eabi/9.3.1/../../../../arm-none-eabi/lib/thumb/v7-m/nofp\libc_nano.a(lib_a-nano-vfscanf_i.o)
 .debug_frame   0x0000000000001454       0x40 c:/st/stm32cubeide_1.7.0/stm32cubeide/plugins/com.st.stm32cube.ide.mcu.externaltools.gnu-tools-for-stm32.9-2020-q2-update.win32_2.0.0.202105311346/tools/bin/../lib/gcc/arm-none-eabi/9.3.1/../../../../arm-none-eabi/lib/thumb/v7-m/nofp\libc_nano.a(lib_a-refill.o)
 .debug_frame   0x0000000000001494       0x2c c:/st/stm32cubeide_1.7.0/stm32cubeide/plugins/com.st.stm32cube.ide.mcu.externaltools.gnu-tools-for-stm32.9-2020-q2-update.win32_2.0.0.202105311346/tools/bin/../lib/gcc/arm-none-eabi/9.3.1/../../../../arm-none-eabi/lib/thumb/v7-m/nofp\libc_nano.a(lib_a-sbrkr.o)
 .debug_frame   0x00000000000014c0       0x2c c:/st/stm32cubeide_1.7.0/stm32cubeide/plugins/com.st.stm32cube.ide.mcu.externaltools.gnu-tools-for-stm32.9-2020-q2-update.win32_2.0.0.202105311346/tools/bin/../lib/gcc/arm-none-eabi/9.3.1/../../../../arm-none-eabi/lib/thumb/v7-m/nofp\libc_nano.a(lib_a-sccl.o)
 .debug_frame   0x00000000000014ec       0x88 c:/st/stm32cubeide_1.7.0/stm32cubeide/plugins/com.st.stm32cube.ide.mcu.externaltools.gnu-tools-for-stm32.9-2020-q2-update.win32_2.0.0.202105311346/tools/bin/../lib/gcc/arm-none-eabi/9.3.1/../../../../arm-none-eabi/lib/thumb/v7-m/nofp\libc_nano.a(lib_a-stdio.o)
 .debug_frame   0x0000000000001574       0x64 c:/st/stm32cubeide_1.7.0/stm32cubeide/plugins/com.st.stm32cube.ide.mcu.externaltools.gnu-tools-for-stm32.9-2020-q2-update.win32_2.0.0.202105311346/tools/bin/../lib/gcc/arm-none-eabi/9.3.1/../../../../arm-none-eabi/lib/thumb/v7-m/nofp\libc_nano.a(lib_a-strtol.o)
 .debug_frame   0x00000000000015d8       0x64 c:/st/stm32cubeide_1.7.0/stm32cubeide/plugins/com.st.stm32cube.ide.mcu.externaltools.gnu-tools-for-stm32.9-2020-q2-update.win32_2.0.0.202105311346/tools/bin/../lib/gcc/arm-none-eabi/9.3.1/../../../../arm-none-eabi/lib/thumb/v7-m/nofp\libc_nano.a(lib_a-strtoul.o)
 .debug_frame   0x000000000000163c       0x5c c:/st/stm32cubeide_1.7.0/stm32cubeide/plugins/com.st.stm32cube.ide.mcu.externaltools.gnu-tools-for-stm32.9-2020-q2-update.win32_2.0.0.202105311346/tools/bin/../lib/gcc/arm-none-eabi/9.3.1/../../../../arm-none-eabi/lib/thumb/v7-m/nofp\libc_nano.a(lib_a-ungetc.o)
 .debug_frame   0x0000000000001698       0x2c c:/st/stm32cubeide_1.7.0/stm32cubeide/plugins/com.st.stm32cube.ide.mcu.externaltools.gnu-tools-for-stm32.9-2020-q2-update.win32_2.0.0.202105311346/tools/bin/../lib/gcc/arm-none-eabi/9.3.1/../../../../arm-none-eabi/lib/thumb/v7-m/nofp\libc_nano.a(lib_a-writer.o)
 .debug_frame   0x00000000000016c4       0x2c c:/st/stm32cubeide_1.7.0/stm32cubeide/plugins/com.st.stm32cube.ide.mcu.externaltools.gnu-tools-for-stm32.9-2020-q2-update.win32_2.0.0.202105311346/tools/bin/../lib/gcc/arm-none-eabi/9.3.1/../../../../arm-none-eabi/lib/thumb/v7-m/nofp\libc_nano.a(lib_a-closer.o)
 .debug_frame   0x00000000000016f0       0x5c c:/st/stm32cubeide_1.7.0/stm32cubeide/plugins/com.st.stm32cube.ide.mcu.externaltools.gnu-tools-for-stm32.9-2020-q2-update.win32_2.0.0.202105311346/tools/bin/../lib/gcc/arm-none-eabi/9.3.1/../../../../arm-none-eabi/lib/thumb/v7-m/nofp\libc_nano.a(lib_a-fflush.o)
 .debug_frame   0x000000000000174c       0x2c c:/st/stm32cubeide_1.7.0/stm32cubeide/plugins/com.st.stm32cube.ide.mcu.externaltools.gnu-tools-for-stm32.9-2020-q2-update.win32_2.0.0.202105311346/tools/bin/../lib/gcc/arm-none-eabi/9.3.1/../../../../arm-none-eabi/lib/thumb/v7-m/nofp\libc_nano.a(lib_a-lseekr.o)
 .debug_frame   0x0000000000001778       0x58 c:/st/stm32cubeide_1.7.0/stm32cubeide/plugins/com.st.stm32cube.ide.mcu.externaltools.gnu-tools-for-stm32.9-2020-q2-update.win32_2.0.0.202105311346/tools/bin/../lib/gcc/arm-none-eabi/9.3.1/../../../../arm-none-eabi/lib/thumb/v7-m/nofp\libc_nano.a(lib_a-makebuf.o)
 .debug_frame   0x00000000000017d0       0x28 c:/st/stm32cubeide_1.7.0/stm32cubeide/plugins/com.st.stm32cube.ide.mcu.externaltools.gnu-tools-for-stm32.9-2020-q2-update.win32_2.0.0.202105311346/tools/bin/../lib/gcc/arm-none-eabi/9.3.1/../../../../arm-none-eabi/lib/thumb/v7-m/nofp\libc_nano.a(lib_a-memchr-stub.o)
 .debug_frame   0x00000000000017f8       0x28 c:/st/stm32cubeide_1.7.0/stm32cubeide/plugins/com.st.stm32cube.ide.mcu.externaltools.gnu-tools-for-stm32.9-2020-q2-update.win32_2.0.0.202105311346/tools/bin/../lib/gcc/arm-none-eabi/9.3.1/../../../../arm-none-eabi/lib/thumb/v7-m/nofp\libc_nano.a(lib_a-memcpy-stub.o)
 .debug_frame   0x0000000000001820       0x30 c:/st/stm32cubeide_1.7.0/stm32cubeide/plugins/com.st.stm32cube.ide.mcu.externaltools.gnu-tools-for-stm32.9-2020-q2-update.win32_2.0.0.202105311346/tools/bin/../lib/gcc/arm-none-eabi/9.3.1/../../../../arm-none-eabi/lib/thumb/v7-m/nofp\libc_nano.a(lib_a-mlock.o)
 .debug_frame   0x0000000000001850       0x38 c:/st/stm32cubeide_1.7.0/stm32cubeide/plugins/com.st.stm32cube.ide.mcu.externaltools.gnu-tools-for-stm32.9-2020-q2-update.win32_2.0.0.202105311346/tools/bin/../lib/gcc/arm-none-eabi/9.3.1/../../../../arm-none-eabi/lib/thumb/v7-m/nofp\libc_nano.a(lib_a-nano-freer.o)
 .debug_frame   0x0000000000001888       0x3c c:/st/stm32cubeide_1.7.0/stm32cubeide/plugins/com.st.stm32cube.ide.mcu.externaltools.gnu-tools-for-stm32.9-2020-q2-update.win32_2.0.0.202105311346/tools/bin/../lib/gcc/arm-none-eabi/9.3.1/../../../../arm-none-eabi/lib/thumb/v7-m/nofp\libc_nano.a(lib_a-nano-reallocr.o)
 .debug_frame   0x00000000000018c4       0x2c c:/st/stm32cubeide_1.7.0/stm32cubeide/plugins/com.st.stm32cube.ide.mcu.externaltools.gnu-tools-for-stm32.9-2020-q2-update.win32_2.0.0.202105311346/tools/bin/../lib/gcc/arm-none-eabi/9.3.1/../../../../arm-none-eabi/lib/thumb/v7-m/nofp\libc_nano.a(lib_a-readr.o)
 .debug_frame   0x00000000000018f0       0x5c c:/st/stm32cubeide_1.7.0/stm32cubeide/plugins/com.st.stm32cube.ide.mcu.externaltools.gnu-tools-for-stm32.9-2020-q2-update.win32_2.0.0.202105311346/tools/bin/../lib/gcc/arm-none-eabi/9.3.1/../../../../arm-none-eabi/lib/thumb/v7-m/nofp\libc_nano.a(lib_a-reent.o)
 .debug_frame   0x000000000000194c       0x2c c:/st/stm32cubeide_1.7.0/stm32cubeide/plugins/com.st.stm32cube.ide.mcu.externaltools.gnu-tools-for-stm32.9-2020-q2-update.win32_2.0.0.202105311346/tools/bin/../lib/gcc/arm-none-eabi/9.3.1/../../../../arm-none-eabi/lib/thumb/v7-m/nofp\libc_nano.a(lib_a-fstatr.o)
 .debug_frame   0x0000000000001978       0x2c c:/st/stm32cubeide_1.7.0/stm32cubeide/plugins/com.st.stm32cube.ide.mcu.externaltools.gnu-tools-for-stm32.9-2020-q2-update.win32_2.0.0.202105311346/tools/bin/../lib/gcc/arm-none-eabi/9.3.1/../../../../arm-none-eabi/lib/thumb/v7-m/nofp\libc_nano.a(lib_a-isattyr.o)
 .debug_frame   0x00000000000019a4       0x20 c:/st/stm32cubeide_1.7.0/stm32cubeide/plugins/com.st.stm32cube.ide.mcu.externaltools.gnu-tools-for-stm32.9-2020-q2-update.win32_2.0.0.202105311346/tools/bin/../lib/gcc/arm-none-eabi/9.3.1/../../../../arm-none-eabi/lib/thumb/v7-m/nofp\libc_nano.a(lib_a-nano-msizer.o)
